[2024-08-01T13:27:42.651+0000] {local_task_job_runner.py:120} INFO - ::group::Pre task execution logs
[2024-08-01T13:27:42.680+0000] {taskinstance.py:2076} INFO - Dependencies all met for dep_context=non-requeueable deps ti=<TaskInstance: pipeline_dag.send_mail manual__2024-08-01T13:26:38.341776+00:00 [queued]>
[2024-08-01T13:27:42.689+0000] {taskinstance.py:2076} INFO - Dependencies all met for dep_context=requeueable deps ti=<TaskInstance: pipeline_dag.send_mail manual__2024-08-01T13:26:38.341776+00:00 [queued]>
[2024-08-01T13:27:42.690+0000] {taskinstance.py:2306} INFO - Starting attempt 1 of 2
[2024-08-01T13:27:42.834+0000] {taskinstance.py:2330} INFO - Executing <Task(PythonOperator): send_mail> on 2024-08-01 13:26:38.341776+00:00
[2024-08-01T13:27:42.841+0000] {warnings.py:112} WARNING - /home/***/.local/lib/python3.12/site-packages/***/task/task_runner/standard_task_runner.py:61: DeprecationWarning: This process (pid=87) is multi-threaded, use of fork() may lead to deadlocks in the child.
  pid = os.fork()

[2024-08-01T13:27:42.842+0000] {standard_task_runner.py:63} INFO - Started process 89 to run task
[2024-08-01T13:27:42.842+0000] {standard_task_runner.py:90} INFO - Running: ['***', 'tasks', 'run', 'pipeline_dag', 'send_mail', 'manual__2024-08-01T13:26:38.341776+00:00', '--job-id', '92', '--raw', '--subdir', 'DAGS_FOLDER/my_dag.py', '--cfg-path', '/tmp/tmpvuqsvz0a']
[2024-08-01T13:27:42.845+0000] {standard_task_runner.py:91} INFO - Job 92: Subtask send_mail
[2024-08-01T13:27:42.891+0000] {task_command.py:426} INFO - Running <TaskInstance: pipeline_dag.send_mail manual__2024-08-01T13:26:38.341776+00:00 [running]> on host 483f2b12661b
[2024-08-01T13:27:42.977+0000] {taskinstance.py:2648} INFO - Exporting env vars: AIRFLOW_CTX_DAG_OWNER='***' AIRFLOW_CTX_DAG_ID='pipeline_dag' AIRFLOW_CTX_TASK_ID='send_mail' AIRFLOW_CTX_EXECUTION_DATE='2024-08-01T13:26:38.341776+00:00' AIRFLOW_CTX_TRY_NUMBER='1' AIRFLOW_CTX_DAG_RUN_ID='manual__2024-08-01T13:26:38.341776+00:00'
[2024-08-01T13:27:42.979+0000] {taskinstance.py:430} INFO - ::endgroup::
[2024-08-01T13:27:44.666+0000] {logging_mixin.py:188} INFO - (535, b'5.7.8 Username and Password not accepted. For more information, go to\n5.7.8  https://support.google.com/mail/?p=BadCredentials d9443c01a7336-1fed7ee15b6sm138368915ad.125 - gsmtp')
[2024-08-01T13:27:44.667+0000] {logging_mixin.py:188} INFO - El email no se pudo enviar.
[2024-08-01T13:27:44.668+0000] {python.py:237} INFO - Done. Returned value was: None
[2024-08-01T13:27:44.668+0000] {taskinstance.py:441} INFO - ::group::Post task execution logs
[2024-08-01T13:27:44.677+0000] {taskinstance.py:1206} INFO - Marking task as SUCCESS. dag_id=pipeline_dag, task_id=send_mail, run_id=manual__2024-08-01T13:26:38.341776+00:00, execution_date=20240801T132638, start_date=20240801T132742, end_date=20240801T132744
[2024-08-01T13:27:44.708+0000] {local_task_job_runner.py:240} INFO - Task exited with return code 0
[2024-08-01T13:27:44.723+0000] {taskinstance.py:3503} INFO - 0 downstream tasks scheduled from follow-on schedule check
[2024-08-01T13:27:44.728+0000] {local_task_job_runner.py:222} INFO - ::endgroup::
