[2024-08-01T12:16:29.101+0000] {local_task_job_runner.py:120} INFO - ::group::Pre task execution logs
[2024-08-01T12:16:31.555+0000] {taskinstance.py:2076} INFO - Dependencies all met for dep_context=non-requeueable deps ti=<TaskInstance: pipeline_dag.alert scheduled__2024-07-31T00:00:00+00:00 [queued]>
[2024-08-01T12:16:34.239+0000] {taskinstance.py:2076} INFO - Dependencies all met for dep_context=requeueable deps ti=<TaskInstance: pipeline_dag.alert scheduled__2024-07-31T00:00:00+00:00 [queued]>
[2024-08-01T12:16:34.314+0000] {taskinstance.py:2306} INFO - Starting attempt 1 of 2
[2024-08-01T12:17:05.376+0000] {taskinstance.py:2330} INFO - Executing <Task(PythonOperator): alert> on 2024-07-31 00:00:00+00:00
[2024-08-01T12:17:07.089+0000] {warnings.py:112} WARNING - /home/***/.local/lib/python3.12/site-packages/***/task/task_runner/standard_task_runner.py:61: DeprecationWarning: This process (pid=115) is multi-threaded, use of fork() may lead to deadlocks in the child.
  pid = os.fork()

[2024-08-01T12:17:08.478+0000] {standard_task_runner.py:63} INFO - Started process 141 to run task
[2024-08-01T12:17:07.682+0000] {standard_task_runner.py:90} INFO - Running: ['***', 'tasks', 'run', 'pipeline_dag', 'alert', 'scheduled__2024-07-31T00:00:00+00:00', '--job-id', '9', '--raw', '--subdir', 'DAGS_FOLDER/my_dag.py', '--cfg-path', '/tmp/tmpnej821h2']
[2024-08-01T12:17:08.869+0000] {standard_task_runner.py:91} INFO - Job 9: Subtask alert
[2024-08-01T12:17:13.781+0000] {task_command.py:426} INFO - Running <TaskInstance: pipeline_dag.alert scheduled__2024-07-31T00:00:00+00:00 [running]> on host 13956c1b13e1
[2024-08-01T12:17:16.420+0000] {taskinstance.py:2648} INFO - Exporting env vars: AIRFLOW_CTX_DAG_OWNER='***' AIRFLOW_CTX_DAG_ID='pipeline_dag' AIRFLOW_CTX_TASK_ID='alert' AIRFLOW_CTX_EXECUTION_DATE='2024-07-31T00:00:00+00:00' AIRFLOW_CTX_TRY_NUMBER='1' AIRFLOW_CTX_DAG_RUN_ID='scheduled__2024-07-31T00:00:00+00:00'
[2024-08-01T12:17:16.434+0000] {taskinstance.py:430} INFO - ::endgroup::
[2024-08-01T12:17:19.023+0000] {logging_mixin.py:188} INFO - Error al enviar la alerta: [Errno -2] Name or service not known
[2024-08-01T12:17:19.075+0000] {logging_mixin.py:188} INFO - Error al enviar la alerta: [Errno -2] Name or service not known
[2024-08-01T12:17:19.097+0000] {python.py:237} INFO - Done. Returned value was: None
[2024-08-01T12:17:19.100+0000] {taskinstance.py:441} INFO - ::group::Post task execution logs
[2024-08-01T12:17:20.253+0000] {taskinstance.py:1206} INFO - Marking task as SUCCESS. dag_id=pipeline_dag, task_id=alert, run_id=scheduled__2024-07-31T00:00:00+00:00, execution_date=20240731T000000, start_date=20240801T121631, end_date=20240801T121720
[2024-08-01T12:17:20.643+0000] {local_task_job_runner.py:240} INFO - Task exited with return code 0
[2024-08-01T12:17:20.899+0000] {taskinstance.py:3503} INFO - 0 downstream tasks scheduled from follow-on schedule check
[2024-08-01T12:17:20.932+0000] {local_task_job_runner.py:222} INFO - ::endgroup::
