[2024-08-05T15:11:41.847+0000] {local_task_job_runner.py:120} INFO - ::group::Pre task execution logs
[2024-08-05T15:11:41.871+0000] {taskinstance.py:2076} INFO - Dependencies all met for dep_context=non-requeueable deps ti=<TaskInstance: pipeline_dag.load manual__2024-08-05T15:11:33.840447+00:00 [queued]>
[2024-08-05T15:11:41.881+0000] {taskinstance.py:2076} INFO - Dependencies all met for dep_context=requeueable deps ti=<TaskInstance: pipeline_dag.load manual__2024-08-05T15:11:33.840447+00:00 [queued]>
[2024-08-05T15:11:41.882+0000] {taskinstance.py:2306} INFO - Starting attempt 1 of 2
[2024-08-05T15:11:42.063+0000] {taskinstance.py:2330} INFO - Executing <Task(PythonOperator): load> on 2024-08-05 15:11:33.840447+00:00
[2024-08-05T15:11:42.069+0000] {warnings.py:112} WARNING - /home/***/.local/lib/python3.12/site-packages/***/task/task_runner/standard_task_runner.py:61: DeprecationWarning: This process (pid=72) is multi-threaded, use of fork() may lead to deadlocks in the child.
  pid = os.fork()

[2024-08-05T15:11:42.071+0000] {standard_task_runner.py:63} INFO - Started process 77 to run task
[2024-08-05T15:11:42.074+0000] {standard_task_runner.py:90} INFO - Running: ['***', 'tasks', 'run', 'pipeline_dag', 'load', 'manual__2024-08-05T15:11:33.840447+00:00', '--job-id', '306', '--raw', '--subdir', 'DAGS_FOLDER/my_dag.py', '--cfg-path', '/tmp/tmprcinnmaz']
[2024-08-05T15:11:42.078+0000] {standard_task_runner.py:91} INFO - Job 306: Subtask load
[2024-08-05T15:11:42.139+0000] {task_command.py:426} INFO - Running <TaskInstance: pipeline_dag.load manual__2024-08-05T15:11:33.840447+00:00 [running]> on host adc32f028152
[2024-08-05T15:11:42.242+0000] {taskinstance.py:2648} INFO - Exporting env vars: AIRFLOW_CTX_DAG_OWNER='***' AIRFLOW_CTX_DAG_ID='pipeline_dag' AIRFLOW_CTX_TASK_ID='load' AIRFLOW_CTX_EXECUTION_DATE='2024-08-05T15:11:33.840447+00:00' AIRFLOW_CTX_TRY_NUMBER='1' AIRFLOW_CTX_DAG_RUN_ID='manual__2024-08-05T15:11:33.840447+00:00'
[2024-08-05T15:11:42.243+0000] {taskinstance.py:430} INFO - ::endgroup::
[2024-08-05T15:11:42.752+0000] {warnings.py:112} WARNING - /home/***/.local/lib/python3.12/site-packages/sqlalchemy_redshift/commands.py:31: SyntaxWarning: invalid escape sequence '\-'
  IAM_ROLE_NAME_RE = re.compile('[A-Za-z0-9+=,.@\-_]{1,64}')  # noqa

[2024-08-05T15:11:42.753+0000] {warnings.py:112} WARNING - /home/***/.local/lib/python3.12/site-packages/sqlalchemy_redshift/commands.py:33: SyntaxWarning: invalid escape sequence '\-'
  '[0-9]{12}:role/[A-Za-z0-9+=,.@\-_]{1,64}')  # noqa

[2024-08-05T15:12:40.306+0000] {logging_mixin.py:188} INFO - Datos cargados en la tabla crypto_data
[2024-08-05T15:12:40.308+0000] {logging_mixin.py:188} INFO - Data loaded successfully into Redshift.
[2024-08-05T15:12:40.309+0000] {python.py:237} INFO - Done. Returned value was: None
[2024-08-05T15:12:40.310+0000] {taskinstance.py:441} INFO - ::group::Post task execution logs
[2024-08-05T15:12:40.320+0000] {taskinstance.py:1206} INFO - Marking task as SUCCESS. dag_id=pipeline_dag, task_id=load, run_id=manual__2024-08-05T15:11:33.840447+00:00, execution_date=20240805T151133, start_date=20240805T151141, end_date=20240805T151240
[2024-08-05T15:12:40.348+0000] {local_task_job_runner.py:240} INFO - Task exited with return code 0
[2024-08-05T15:12:40.367+0000] {taskinstance.py:3503} INFO - 1 downstream tasks scheduled from follow-on schedule check
[2024-08-05T15:12:40.372+0000] {local_task_job_runner.py:222} INFO - ::endgroup::
