[2024-08-01T12:01:15.713+0000] {local_task_job_runner.py:120} INFO - ::group::Pre task execution logs
[2024-08-01T12:01:16.077+0000] {taskinstance.py:2076} INFO - Dependencies all met for dep_context=non-requeueable deps ti=<TaskInstance: pipeline_dag.extract manual__2024-08-01T11:54:52.076225+00:00 [queued]>
[2024-08-01T12:01:16.294+0000] {taskinstance.py:2076} INFO - Dependencies all met for dep_context=requeueable deps ti=<TaskInstance: pipeline_dag.extract manual__2024-08-01T11:54:52.076225+00:00 [queued]>
[2024-08-01T12:01:16.298+0000] {taskinstance.py:2306} INFO - Starting attempt 2 of 2
[2024-08-01T12:01:32.436+0000] {taskinstance.py:2330} INFO - Executing <Task(PythonOperator): extract> on 2024-08-01 11:54:52.076225+00:00
[2024-08-01T12:01:32.489+0000] {warnings.py:112} WARNING - /home/***/.local/lib/python3.12/site-packages/***/task/task_runner/standard_task_runner.py:61: DeprecationWarning: This process (pid=287) is multi-threaded, use of fork() may lead to deadlocks in the child.
  pid = os.fork()

[2024-08-01T12:01:32.497+0000] {standard_task_runner.py:63} INFO - Started process 298 to run task
[2024-08-01T12:01:32.498+0000] {standard_task_runner.py:90} INFO - Running: ['***', 'tasks', 'run', 'pipeline_dag', 'extract', 'manual__2024-08-01T11:54:52.076225+00:00', '--job-id', '11', '--raw', '--subdir', 'DAGS_FOLDER/my_dag.py', '--cfg-path', '/tmp/tmp5q7sotja']
[2024-08-01T12:01:32.503+0000] {standard_task_runner.py:91} INFO - Job 11: Subtask extract
[2024-08-01T12:01:32.667+0000] {task_command.py:426} INFO - Running <TaskInstance: pipeline_dag.extract manual__2024-08-01T11:54:52.076225+00:00 [running]> on host 666970a980e1
[2024-08-01T12:01:32.903+0000] {taskinstance.py:2648} INFO - Exporting env vars: AIRFLOW_CTX_DAG_OWNER='***' AIRFLOW_CTX_DAG_ID='pipeline_dag' AIRFLOW_CTX_TASK_ID='extract' AIRFLOW_CTX_EXECUTION_DATE='2024-08-01T11:54:52.076225+00:00' AIRFLOW_CTX_TRY_NUMBER='2' AIRFLOW_CTX_DAG_RUN_ID='manual__2024-08-01T11:54:52.076225+00:00'
[2024-08-01T12:01:32.906+0000] {taskinstance.py:430} INFO - ::endgroup::
[2024-08-01T12:01:32.984+0000] {taskinstance.py:441} INFO - ::group::Post task execution logs
[2024-08-01T12:01:32.986+0000] {taskinstance.py:2905} ERROR - Task failed with exception
Traceback (most recent call last):
  File "/home/airflow/.local/lib/python3.12/site-packages/airflow/models/taskinstance.py", line 465, in _execute_task
    result = _execute_callable(context=context, **execute_callable_kwargs)
             ^^^^^^^^^^^^^^^^^^^^^^^^^^^^^^^^^^^^^^^^^^^^^^^^^^^^^^^^^^^^^
  File "/home/airflow/.local/lib/python3.12/site-packages/airflow/models/taskinstance.py", line 432, in _execute_callable
    return execute_callable(context=context, **execute_callable_kwargs)
           ^^^^^^^^^^^^^^^^^^^^^^^^^^^^^^^^^^^^^^^^^^^^^^^^^^^^^^^^^^^^
  File "/home/airflow/.local/lib/python3.12/site-packages/airflow/models/baseoperator.py", line 401, in wrapper
    return func(self, *args, **kwargs)
           ^^^^^^^^^^^^^^^^^^^^^^^^^^^
  File "/home/airflow/.local/lib/python3.12/site-packages/airflow/operators/python.py", line 235, in execute
    return_value = self.execute_callable()
                   ^^^^^^^^^^^^^^^^^^^^^^^
  File "/home/airflow/.local/lib/python3.12/site-packages/airflow/operators/python.py", line 252, in execute_callable
    return self.python_callable(*self.op_args, **self.op_kwargs)
           ^^^^^^^^^^^^^^^^^^^^^^^^^^^^^^^^^^^^^^^^^^^^^^^^^^^^^
  File "/opt/airflow/dags/my_dag.py", line 46, in extract
    raw_data = extract_crypto_data(API_URL)
               ^^^^^^^^^^^^^^^^^^^^^^^^^^^^
  File "/opt/airflow/dags/modules/data_from_api.py", line 5, in extract_crypto_data
    response = requests.get(api_url)
               ^^^^^^^^^^^^^^^^^^^^^
  File "/home/airflow/.local/lib/python3.12/site-packages/requests/api.py", line 73, in get
    return request("get", url, params=params, **kwargs)
           ^^^^^^^^^^^^^^^^^^^^^^^^^^^^^^^^^^^^^^^^^^^^
  File "/home/airflow/.local/lib/python3.12/site-packages/requests/api.py", line 59, in request
    return session.request(method=method, url=url, **kwargs)
           ^^^^^^^^^^^^^^^^^^^^^^^^^^^^^^^^^^^^^^^^^^^^^^^^^
  File "/home/airflow/.local/lib/python3.12/site-packages/requests/sessions.py", line 575, in request
    prep = self.prepare_request(req)
           ^^^^^^^^^^^^^^^^^^^^^^^^^
  File "/home/airflow/.local/lib/python3.12/site-packages/requests/sessions.py", line 486, in prepare_request
    p.prepare(
  File "/home/airflow/.local/lib/python3.12/site-packages/requests/models.py", line 368, in prepare
    self.prepare_url(url, params)
  File "/home/airflow/.local/lib/python3.12/site-packages/requests/models.py", line 439, in prepare_url
    raise MissingSchema(
requests.exceptions.MissingSchema: Invalid URL 'None': No scheme supplied. Perhaps you meant https://None?
[2024-08-01T12:01:33.055+0000] {taskinstance.py:1206} INFO - Marking task as FAILED. dag_id=pipeline_dag, task_id=extract, run_id=manual__2024-08-01T11:54:52.076225+00:00, execution_date=20240801T115452, start_date=20240801T120116, end_date=20240801T120133
[2024-08-01T12:01:33.100+0000] {standard_task_runner.py:110} ERROR - Failed to execute job 11 for task extract (Invalid URL 'None': No scheme supplied. Perhaps you meant https://None?; 298)
[2024-08-01T12:01:33.128+0000] {local_task_job_runner.py:240} INFO - Task exited with return code 1
[2024-08-01T12:01:33.203+0000] {taskinstance.py:3503} INFO - 0 downstream tasks scheduled from follow-on schedule check
[2024-08-01T12:01:33.213+0000] {local_task_job_runner.py:222} INFO - ::endgroup::
