[2024-08-05T14:20:06.681+0000] {local_task_job_runner.py:120} INFO - ::group::Pre task execution logs
[2024-08-05T14:20:06.703+0000] {taskinstance.py:2076} INFO - Dependencies all met for dep_context=non-requeueable deps ti=<TaskInstance: pipeline_dag.send_mail manual__2024-08-05T14:18:52.833503+00:00 [queued]>
[2024-08-05T14:20:06.709+0000] {taskinstance.py:2076} INFO - Dependencies all met for dep_context=requeueable deps ti=<TaskInstance: pipeline_dag.send_mail manual__2024-08-05T14:18:52.833503+00:00 [queued]>
[2024-08-05T14:20:06.711+0000] {taskinstance.py:2306} INFO - Starting attempt 1 of 2
[2024-08-05T14:20:06.851+0000] {taskinstance.py:2330} INFO - Executing <Task(PythonOperator): send_mail> on 2024-08-05 14:18:52.833503+00:00
[2024-08-05T14:20:06.857+0000] {warnings.py:112} WARNING - /home/***/.local/lib/python3.12/site-packages/***/task/task_runner/standard_task_runner.py:61: DeprecationWarning: This process (pid=123) is multi-threaded, use of fork() may lead to deadlocks in the child.
  pid = os.fork()

[2024-08-05T14:20:06.858+0000] {standard_task_runner.py:63} INFO - Started process 125 to run task
[2024-08-05T14:20:06.858+0000] {standard_task_runner.py:90} INFO - Running: ['***', 'tasks', 'run', 'pipeline_dag', 'send_mail', 'manual__2024-08-05T14:18:52.833503+00:00', '--job-id', '255', '--raw', '--subdir', 'DAGS_FOLDER/my_dag.py', '--cfg-path', '/tmp/tmpypkm5tnq']
[2024-08-05T14:20:06.860+0000] {standard_task_runner.py:91} INFO - Job 255: Subtask send_mail
[2024-08-05T14:20:06.905+0000] {task_command.py:426} INFO - Running <TaskInstance: pipeline_dag.send_mail manual__2024-08-05T14:18:52.833503+00:00 [running]> on host e1f485dc5d54
[2024-08-05T14:20:06.978+0000] {taskinstance.py:2648} INFO - Exporting env vars: AIRFLOW_CTX_DAG_OWNER='***' AIRFLOW_CTX_DAG_ID='pipeline_dag' AIRFLOW_CTX_TASK_ID='send_mail' AIRFLOW_CTX_EXECUTION_DATE='2024-08-05T14:18:52.833503+00:00' AIRFLOW_CTX_TRY_NUMBER='1' AIRFLOW_CTX_DAG_RUN_ID='manual__2024-08-05T14:18:52.833503+00:00'
[2024-08-05T14:20:06.979+0000] {taskinstance.py:430} INFO - ::endgroup::
[2024-08-05T14:20:08.830+0000] {logging_mixin.py:188} INFO - Error de autenticación: 535 - b'5.7.8 Username and Password not accepted. For more information, go to\n5.7.8  https://support.google.com/mail/?p=BadCredentials 98e67ed59e1d1-2cfdc405f4asm10561896a91.11 - gsmtp'
[2024-08-05T14:20:08.831+0000] {python.py:237} INFO - Done. Returned value was: None
[2024-08-05T14:20:08.832+0000] {taskinstance.py:441} INFO - ::group::Post task execution logs
[2024-08-05T14:20:08.843+0000] {taskinstance.py:1206} INFO - Marking task as SUCCESS. dag_id=pipeline_dag, task_id=send_mail, run_id=manual__2024-08-05T14:18:52.833503+00:00, execution_date=20240805T141852, start_date=20240805T142006, end_date=20240805T142008
[2024-08-05T14:20:08.881+0000] {local_task_job_runner.py:240} INFO - Task exited with return code 0
[2024-08-05T14:20:08.899+0000] {taskinstance.py:3503} INFO - 0 downstream tasks scheduled from follow-on schedule check
[2024-08-05T14:20:08.903+0000] {local_task_job_runner.py:222} INFO - ::endgroup::
