[2024-08-05T15:12:41.559+0000] {local_task_job_runner.py:120} INFO - ::group::Pre task execution logs
[2024-08-05T15:12:41.580+0000] {taskinstance.py:2076} INFO - Dependencies all met for dep_context=non-requeueable deps ti=<TaskInstance: pipeline_dag.send_mail manual__2024-08-05T15:11:33.840447+00:00 [queued]>
[2024-08-05T15:12:41.587+0000] {taskinstance.py:2076} INFO - Dependencies all met for dep_context=requeueable deps ti=<TaskInstance: pipeline_dag.send_mail manual__2024-08-05T15:11:33.840447+00:00 [queued]>
[2024-08-05T15:12:41.589+0000] {taskinstance.py:2306} INFO - Starting attempt 1 of 2
[2024-08-05T15:12:41.726+0000] {taskinstance.py:2330} INFO - Executing <Task(PythonOperator): send_mail> on 2024-08-05 15:11:33.840447+00:00
[2024-08-05T15:12:41.732+0000] {warnings.py:112} WARNING - /home/***/.local/lib/python3.12/site-packages/***/task/task_runner/standard_task_runner.py:61: DeprecationWarning: This process (pid=92) is multi-threaded, use of fork() may lead to deadlocks in the child.
  pid = os.fork()

[2024-08-05T15:12:41.734+0000] {standard_task_runner.py:63} INFO - Started process 94 to run task
[2024-08-05T15:12:41.733+0000] {standard_task_runner.py:90} INFO - Running: ['***', 'tasks', 'run', 'pipeline_dag', 'send_mail', 'manual__2024-08-05T15:11:33.840447+00:00', '--job-id', '307', '--raw', '--subdir', 'DAGS_FOLDER/my_dag.py', '--cfg-path', '/tmp/tmp1eio7h2q']
[2024-08-05T15:12:41.736+0000] {standard_task_runner.py:91} INFO - Job 307: Subtask send_mail
[2024-08-05T15:12:41.778+0000] {task_command.py:426} INFO - Running <TaskInstance: pipeline_dag.send_mail manual__2024-08-05T15:11:33.840447+00:00 [running]> on host adc32f028152
[2024-08-05T15:12:41.848+0000] {taskinstance.py:2648} INFO - Exporting env vars: AIRFLOW_CTX_DAG_OWNER='***' AIRFLOW_CTX_DAG_ID='pipeline_dag' AIRFLOW_CTX_TASK_ID='send_mail' AIRFLOW_CTX_EXECUTION_DATE='2024-08-05T15:11:33.840447+00:00' AIRFLOW_CTX_TRY_NUMBER='1' AIRFLOW_CTX_DAG_RUN_ID='manual__2024-08-05T15:11:33.840447+00:00'
[2024-08-05T15:12:41.850+0000] {taskinstance.py:430} INFO - ::endgroup::
[2024-08-05T15:13:12.346+0000] {logging_mixin.py:188} INFO - Error al enviar la alerta: (-1, b'\x02\x01Z\x15\x03\x03\x00\x02\x01\x00')
[2024-08-05T15:13:12.348+0000] {python.py:237} INFO - Done. Returned value was: None
[2024-08-05T15:13:12.350+0000] {taskinstance.py:441} INFO - ::group::Post task execution logs
[2024-08-05T15:13:12.359+0000] {taskinstance.py:1206} INFO - Marking task as SUCCESS. dag_id=pipeline_dag, task_id=send_mail, run_id=manual__2024-08-05T15:11:33.840447+00:00, execution_date=20240805T151133, start_date=20240805T151241, end_date=20240805T151312
[2024-08-05T15:13:12.378+0000] {local_task_job_runner.py:240} INFO - Task exited with return code 0
[2024-08-05T15:13:12.392+0000] {taskinstance.py:3503} INFO - 0 downstream tasks scheduled from follow-on schedule check
[2024-08-05T15:13:12.397+0000] {local_task_job_runner.py:222} INFO - ::endgroup::
