[2024-08-05T15:36:20.019+0000] {local_task_job_runner.py:120} INFO - ::group::Pre task execution logs
[2024-08-05T15:36:20.039+0000] {taskinstance.py:2076} INFO - Dependencies all met for dep_context=non-requeueable deps ti=<TaskInstance: pipeline_dag.send_mail manual__2024-08-05T15:35:13.520701+00:00 [queued]>
[2024-08-05T15:36:20.046+0000] {taskinstance.py:2076} INFO - Dependencies all met for dep_context=requeueable deps ti=<TaskInstance: pipeline_dag.send_mail manual__2024-08-05T15:35:13.520701+00:00 [queued]>
[2024-08-05T15:36:20.047+0000] {taskinstance.py:2306} INFO - Starting attempt 1 of 2
[2024-08-05T15:36:20.180+0000] {taskinstance.py:2330} INFO - Executing <Task(PythonOperator): send_mail> on 2024-08-05 15:35:13.520701+00:00
[2024-08-05T15:36:20.185+0000] {warnings.py:112} WARNING - /home/***/.local/lib/python3.12/site-packages/***/task/task_runner/standard_task_runner.py:61: DeprecationWarning: This process (pid=91) is multi-threaded, use of fork() may lead to deadlocks in the child.
  pid = os.fork()

[2024-08-05T15:36:20.186+0000] {standard_task_runner.py:63} INFO - Started process 93 to run task
[2024-08-05T15:36:20.186+0000] {standard_task_runner.py:90} INFO - Running: ['***', 'tasks', 'run', 'pipeline_dag', 'send_mail', 'manual__2024-08-05T15:35:13.520701+00:00', '--job-id', '398', '--raw', '--subdir', 'DAGS_FOLDER/my_dag.py', '--cfg-path', '/tmp/tmpf1hgl465']
[2024-08-05T15:36:20.188+0000] {standard_task_runner.py:91} INFO - Job 398: Subtask send_mail
[2024-08-05T15:36:20.231+0000] {task_command.py:426} INFO - Running <TaskInstance: pipeline_dag.send_mail manual__2024-08-05T15:35:13.520701+00:00 [running]> on host 323d2d00d435
[2024-08-05T15:36:20.296+0000] {taskinstance.py:2648} INFO - Exporting env vars: AIRFLOW_CTX_DAG_OWNER='***' AIRFLOW_CTX_DAG_ID='pipeline_dag' AIRFLOW_CTX_TASK_ID='send_mail' AIRFLOW_CTX_EXECUTION_DATE='2024-08-05T15:35:13.520701+00:00' AIRFLOW_CTX_TRY_NUMBER='1' AIRFLOW_CTX_DAG_RUN_ID='manual__2024-08-05T15:35:13.520701+00:00'
[2024-08-05T15:36:20.297+0000] {taskinstance.py:430} INFO - ::endgroup::
[2024-08-05T15:36:21.077+0000] {logging_mixin.py:188} INFO - Error al enviar la alerta: STARTTLS extension not supported by server.
[2024-08-05T15:36:21.078+0000] {python.py:237} INFO - Done. Returned value was: None
[2024-08-05T15:36:21.078+0000] {taskinstance.py:441} INFO - ::group::Post task execution logs
[2024-08-05T15:36:21.087+0000] {taskinstance.py:1206} INFO - Marking task as SUCCESS. dag_id=pipeline_dag, task_id=send_mail, run_id=manual__2024-08-05T15:35:13.520701+00:00, execution_date=20240805T153513, start_date=20240805T153620, end_date=20240805T153621
[2024-08-05T15:36:21.125+0000] {local_task_job_runner.py:240} INFO - Task exited with return code 0
[2024-08-05T15:36:21.138+0000] {taskinstance.py:3503} INFO - 0 downstream tasks scheduled from follow-on schedule check
[2024-08-05T15:36:21.142+0000] {local_task_job_runner.py:222} INFO - ::endgroup::
