[2024-08-01T14:24:59.829+0000] {local_task_job_runner.py:120} INFO - ::group::Pre task execution logs
[2024-08-01T14:24:59.863+0000] {taskinstance.py:2076} INFO - Dependencies all met for dep_context=non-requeueable deps ti=<TaskInstance: pipeline_dag.load_from_csv manual__2024-08-01T14:24:58.249436+00:00 [queued]>
[2024-08-01T14:24:59.879+0000] {taskinstance.py:2076} INFO - Dependencies all met for dep_context=requeueable deps ti=<TaskInstance: pipeline_dag.load_from_csv manual__2024-08-01T14:24:58.249436+00:00 [queued]>
[2024-08-01T14:24:59.880+0000] {taskinstance.py:2306} INFO - Starting attempt 1 of 2
[2024-08-01T14:25:00.165+0000] {taskinstance.py:2330} INFO - Executing <Task(PythonOperator): load_from_csv> on 2024-08-01 14:24:58.249436+00:00
[2024-08-01T14:25:00.177+0000] {warnings.py:112} WARNING - /home/***/.local/lib/python3.12/site-packages/***/task/task_runner/standard_task_runner.py:61: DeprecationWarning: This process (pid=58) is multi-threaded, use of fork() may lead to deadlocks in the child.
  pid = os.fork()

[2024-08-01T14:25:00.182+0000] {standard_task_runner.py:63} INFO - Started process 62 to run task
[2024-08-01T14:25:00.180+0000] {standard_task_runner.py:90} INFO - Running: ['***', 'tasks', 'run', 'pipeline_dag', 'load_from_csv', 'manual__2024-08-01T14:24:58.249436+00:00', '--job-id', '174', '--raw', '--subdir', 'DAGS_FOLDER/my_dag.py', '--cfg-path', '/tmp/tmpwoldx4gv']
[2024-08-01T14:25:00.184+0000] {standard_task_runner.py:91} INFO - Job 174: Subtask load_from_csv
[2024-08-01T14:25:00.262+0000] {task_command.py:426} INFO - Running <TaskInstance: pipeline_dag.load_from_csv manual__2024-08-01T14:24:58.249436+00:00 [running]> on host 483f2b12661b
[2024-08-01T14:25:00.385+0000] {taskinstance.py:2648} INFO - Exporting env vars: AIRFLOW_CTX_DAG_OWNER='***' AIRFLOW_CTX_DAG_ID='pipeline_dag' AIRFLOW_CTX_TASK_ID='load_from_csv' AIRFLOW_CTX_EXECUTION_DATE='2024-08-01T14:24:58.249436+00:00' AIRFLOW_CTX_TRY_NUMBER='1' AIRFLOW_CTX_DAG_RUN_ID='manual__2024-08-01T14:24:58.249436+00:00'
[2024-08-01T14:25:00.387+0000] {taskinstance.py:430} INFO - ::endgroup::
[2024-08-01T14:25:00.405+0000] {taskinstance.py:441} INFO - ::group::Post task execution logs
[2024-08-01T14:25:00.406+0000] {taskinstance.py:2905} ERROR - Task failed with exception
Traceback (most recent call last):
  File "/home/airflow/.local/lib/python3.12/site-packages/airflow/models/taskinstance.py", line 465, in _execute_task
    result = _execute_callable(context=context, **execute_callable_kwargs)
             ^^^^^^^^^^^^^^^^^^^^^^^^^^^^^^^^^^^^^^^^^^^^^^^^^^^^^^^^^^^^^
  File "/home/airflow/.local/lib/python3.12/site-packages/airflow/models/taskinstance.py", line 432, in _execute_callable
    return execute_callable(context=context, **execute_callable_kwargs)
           ^^^^^^^^^^^^^^^^^^^^^^^^^^^^^^^^^^^^^^^^^^^^^^^^^^^^^^^^^^^^
  File "/home/airflow/.local/lib/python3.12/site-packages/airflow/models/baseoperator.py", line 401, in wrapper
    return func(self, *args, **kwargs)
           ^^^^^^^^^^^^^^^^^^^^^^^^^^^
  File "/home/airflow/.local/lib/python3.12/site-packages/airflow/operators/python.py", line 235, in execute
    return_value = self.execute_callable()
                   ^^^^^^^^^^^^^^^^^^^^^^^
  File "/home/airflow/.local/lib/python3.12/site-packages/airflow/operators/python.py", line 252, in execute_callable
    return self.python_callable(*self.op_args, **self.op_kwargs)
           ^^^^^^^^^^^^^^^^^^^^^^^^^^^^^^^^^^^^^^^^^^^^^^^^^^^^^
  File "/opt/airflow/dags/my_dag.py", line 104, in load_from_csv
    load_data_from_csv(file_path, REDSHIFT_TABLE, REDSHIFT_CONN_STR)
  File "/opt/airflow/dags/modules/csv_adquisition.py", line 9, in load_data_from_csv
    df = pd.read_csv(file_path)
         ^^
NameError: name 'pd' is not defined
[2024-08-01T14:25:00.428+0000] {taskinstance.py:1206} INFO - Marking task as UP_FOR_RETRY. dag_id=pipeline_dag, task_id=load_from_csv, run_id=manual__2024-08-01T14:24:58.249436+00:00, execution_date=20240801T142458, start_date=20240801T142459, end_date=20240801T142500
[2024-08-01T14:25:00.447+0000] {standard_task_runner.py:110} ERROR - Failed to execute job 174 for task load_from_csv (name 'pd' is not defined; 62)
[2024-08-01T14:25:00.478+0000] {local_task_job_runner.py:240} INFO - Task exited with return code 1
[2024-08-01T14:25:00.498+0000] {taskinstance.py:3503} INFO - 0 downstream tasks scheduled from follow-on schedule check
[2024-08-01T14:25:00.503+0000] {local_task_job_runner.py:222} INFO - ::endgroup::
