[2024-08-05T15:35:19.028+0000] {local_task_job_runner.py:120} INFO - ::group::Pre task execution logs
[2024-08-05T15:35:19.048+0000] {taskinstance.py:2076} INFO - Dependencies all met for dep_context=non-requeueable deps ti=<TaskInstance: pipeline_dag.load manual__2024-08-05T15:35:13.520701+00:00 [queued]>
[2024-08-05T15:35:19.055+0000] {taskinstance.py:2076} INFO - Dependencies all met for dep_context=requeueable deps ti=<TaskInstance: pipeline_dag.load manual__2024-08-05T15:35:13.520701+00:00 [queued]>
[2024-08-05T15:35:19.057+0000] {taskinstance.py:2306} INFO - Starting attempt 1 of 2
[2024-08-05T15:35:19.190+0000] {taskinstance.py:2330} INFO - Executing <Task(PythonOperator): load> on 2024-08-05 15:35:13.520701+00:00
[2024-08-05T15:35:19.195+0000] {warnings.py:112} WARNING - /home/***/.local/lib/python3.12/site-packages/***/task/task_runner/standard_task_runner.py:61: DeprecationWarning: This process (pid=71) is multi-threaded, use of fork() may lead to deadlocks in the child.
  pid = os.fork()

[2024-08-05T15:35:19.197+0000] {standard_task_runner.py:63} INFO - Started process 75 to run task
[2024-08-05T15:35:19.197+0000] {standard_task_runner.py:90} INFO - Running: ['***', 'tasks', 'run', 'pipeline_dag', 'load', 'manual__2024-08-05T15:35:13.520701+00:00', '--job-id', '397', '--raw', '--subdir', 'DAGS_FOLDER/my_dag.py', '--cfg-path', '/tmp/tmpr4iioqpy']
[2024-08-05T15:35:19.200+0000] {standard_task_runner.py:91} INFO - Job 397: Subtask load
[2024-08-05T15:35:19.246+0000] {task_command.py:426} INFO - Running <TaskInstance: pipeline_dag.load manual__2024-08-05T15:35:13.520701+00:00 [running]> on host 323d2d00d435
[2024-08-05T15:35:19.322+0000] {taskinstance.py:2648} INFO - Exporting env vars: AIRFLOW_CTX_DAG_OWNER='***' AIRFLOW_CTX_DAG_ID='pipeline_dag' AIRFLOW_CTX_TASK_ID='load' AIRFLOW_CTX_EXECUTION_DATE='2024-08-05T15:35:13.520701+00:00' AIRFLOW_CTX_TRY_NUMBER='1' AIRFLOW_CTX_DAG_RUN_ID='manual__2024-08-05T15:35:13.520701+00:00'
[2024-08-05T15:35:19.323+0000] {taskinstance.py:430} INFO - ::endgroup::
[2024-08-05T15:35:19.608+0000] {warnings.py:112} WARNING - /home/***/.local/lib/python3.12/site-packages/sqlalchemy_redshift/commands.py:31: SyntaxWarning: invalid escape sequence '\-'
  IAM_ROLE_NAME_RE = re.compile('[A-Za-z0-9+=,.@\-_]{1,64}')  # noqa

[2024-08-05T15:35:19.608+0000] {warnings.py:112} WARNING - /home/***/.local/lib/python3.12/site-packages/sqlalchemy_redshift/commands.py:33: SyntaxWarning: invalid escape sequence '\-'
  '[0-9]{12}:role/[A-Za-z0-9+=,.@\-_]{1,64}')  # noqa

[2024-08-05T15:36:18.725+0000] {logging_mixin.py:188} INFO - Datos cargados en la tabla crypto_data
[2024-08-05T15:36:18.725+0000] {logging_mixin.py:188} INFO - Data loaded successfully into Redshift.
[2024-08-05T15:36:18.726+0000] {python.py:237} INFO - Done. Returned value was: None
[2024-08-05T15:36:18.727+0000] {taskinstance.py:441} INFO - ::group::Post task execution logs
[2024-08-05T15:36:18.736+0000] {taskinstance.py:1206} INFO - Marking task as SUCCESS. dag_id=pipeline_dag, task_id=load, run_id=manual__2024-08-05T15:35:13.520701+00:00, execution_date=20240805T153513, start_date=20240805T153519, end_date=20240805T153618
[2024-08-05T15:36:18.762+0000] {local_task_job_runner.py:240} INFO - Task exited with return code 0
[2024-08-05T15:36:18.779+0000] {taskinstance.py:3503} INFO - 1 downstream tasks scheduled from follow-on schedule check
[2024-08-05T15:36:18.784+0000] {local_task_job_runner.py:222} INFO - ::endgroup::
