[2024-08-01T13:52:00.659+0000] {local_task_job_runner.py:120} INFO - ::group::Pre task execution logs
[2024-08-01T13:52:00.681+0000] {taskinstance.py:2076} INFO - Dependencies all met for dep_context=non-requeueable deps ti=<TaskInstance: pipeline_dag.send_mail manual__2024-08-01T13:50:56.143289+00:00 [queued]>
[2024-08-01T13:52:00.688+0000] {taskinstance.py:2076} INFO - Dependencies all met for dep_context=requeueable deps ti=<TaskInstance: pipeline_dag.send_mail manual__2024-08-01T13:50:56.143289+00:00 [queued]>
[2024-08-01T13:52:00.690+0000] {taskinstance.py:2306} INFO - Starting attempt 1 of 2
[2024-08-01T13:52:00.820+0000] {taskinstance.py:2330} INFO - Executing <Task(PythonOperator): send_mail> on 2024-08-01 13:50:56.143289+00:00
[2024-08-01T13:52:00.825+0000] {warnings.py:112} WARNING - /home/***/.local/lib/python3.12/site-packages/***/task/task_runner/standard_task_runner.py:61: DeprecationWarning: This process (pid=101) is multi-threaded, use of fork() may lead to deadlocks in the child.
  pid = os.fork()

[2024-08-01T13:52:00.827+0000] {standard_task_runner.py:63} INFO - Started process 103 to run task
[2024-08-01T13:52:00.828+0000] {standard_task_runner.py:90} INFO - Running: ['***', 'tasks', 'run', 'pipeline_dag', 'send_mail', 'manual__2024-08-01T13:50:56.143289+00:00', '--job-id', '128', '--raw', '--subdir', 'DAGS_FOLDER/my_dag.py', '--cfg-path', '/tmp/tmp0knpii7a']
[2024-08-01T13:52:00.831+0000] {standard_task_runner.py:91} INFO - Job 128: Subtask send_mail
[2024-08-01T13:52:00.878+0000] {task_command.py:426} INFO - Running <TaskInstance: pipeline_dag.send_mail manual__2024-08-01T13:50:56.143289+00:00 [running]> on host 483f2b12661b
[2024-08-01T13:52:00.954+0000] {taskinstance.py:2648} INFO - Exporting env vars: AIRFLOW_CTX_DAG_OWNER='***' AIRFLOW_CTX_DAG_ID='pipeline_dag' AIRFLOW_CTX_TASK_ID='send_mail' AIRFLOW_CTX_EXECUTION_DATE='2024-08-01T13:50:56.143289+00:00' AIRFLOW_CTX_TRY_NUMBER='1' AIRFLOW_CTX_DAG_RUN_ID='manual__2024-08-01T13:50:56.143289+00:00'
[2024-08-01T13:52:00.956+0000] {taskinstance.py:430} INFO - ::endgroup::
[2024-08-01T13:52:02.986+0000] {logging_mixin.py:188} INFO - Error al enviar la alerta: (535, b'5.7.8 Username and Password not accepted. For more information, go to\n5.7.8  https://support.google.com/mail/?p=BadCredentials d2e1a72fcca58-70ead712c11sm11536158b3a.67 - gsmtp')
[2024-08-01T13:52:02.987+0000] {python.py:237} INFO - Done. Returned value was: None
[2024-08-01T13:52:02.988+0000] {taskinstance.py:441} INFO - ::group::Post task execution logs
[2024-08-01T13:52:02.999+0000] {taskinstance.py:1206} INFO - Marking task as SUCCESS. dag_id=pipeline_dag, task_id=send_mail, run_id=manual__2024-08-01T13:50:56.143289+00:00, execution_date=20240801T135056, start_date=20240801T135200, end_date=20240801T135202
[2024-08-01T13:52:03.057+0000] {local_task_job_runner.py:240} INFO - Task exited with return code 0
[2024-08-01T13:52:03.070+0000] {taskinstance.py:3503} INFO - 0 downstream tasks scheduled from follow-on schedule check
[2024-08-01T13:52:03.074+0000] {local_task_job_runner.py:222} INFO - ::endgroup::
