[2024-08-01T12:40:27.335+0000] {local_task_job_runner.py:120} INFO - ::group::Pre task execution logs
[2024-08-01T12:40:27.360+0000] {taskinstance.py:2076} INFO - Dependencies all met for dep_context=non-requeueable deps ti=<TaskInstance: pipeline_dag.load manual__2024-08-01T12:40:20.881794+00:00 [queued]>
[2024-08-01T12:40:27.372+0000] {taskinstance.py:2076} INFO - Dependencies all met for dep_context=requeueable deps ti=<TaskInstance: pipeline_dag.load manual__2024-08-01T12:40:20.881794+00:00 [queued]>
[2024-08-01T12:40:27.373+0000] {taskinstance.py:2306} INFO - Starting attempt 1 of 2
[2024-08-01T12:40:27.562+0000] {taskinstance.py:2330} INFO - Executing <Task(PythonOperator): load> on 2024-08-01 12:40:20.881794+00:00
[2024-08-01T12:40:27.569+0000] {warnings.py:112} WARNING - /home/***/.local/lib/python3.12/site-packages/***/task/task_runner/standard_task_runner.py:61: DeprecationWarning: This process (pid=135) is multi-threaded, use of fork() may lead to deadlocks in the child.
  pid = os.fork()

[2024-08-01T12:40:27.572+0000] {standard_task_runner.py:63} INFO - Started process 140 to run task
[2024-08-01T12:40:27.572+0000] {standard_task_runner.py:90} INFO - Running: ['***', 'tasks', 'run', 'pipeline_dag', 'load', 'manual__2024-08-01T12:40:20.881794+00:00', '--job-id', '21', '--raw', '--subdir', 'DAGS_FOLDER/my_dag.py', '--cfg-path', '/tmp/tmpnh5zfjzh']
[2024-08-01T12:40:27.575+0000] {standard_task_runner.py:91} INFO - Job 21: Subtask load
[2024-08-01T12:40:27.625+0000] {task_command.py:426} INFO - Running <TaskInstance: pipeline_dag.load manual__2024-08-01T12:40:20.881794+00:00 [running]> on host 13956c1b13e1
[2024-08-01T12:40:27.705+0000] {taskinstance.py:2648} INFO - Exporting env vars: AIRFLOW_CTX_DAG_OWNER='***' AIRFLOW_CTX_DAG_ID='pipeline_dag' AIRFLOW_CTX_TASK_ID='load' AIRFLOW_CTX_EXECUTION_DATE='2024-08-01T12:40:20.881794+00:00' AIRFLOW_CTX_TRY_NUMBER='1' AIRFLOW_CTX_DAG_RUN_ID='manual__2024-08-01T12:40:20.881794+00:00'
[2024-08-01T12:40:27.706+0000] {taskinstance.py:430} INFO - ::endgroup::
[2024-08-01T12:41:25.686+0000] {logging_mixin.py:188} INFO - Datos cargados en la tabla crypto_data
[2024-08-01T12:41:25.688+0000] {logging_mixin.py:188} INFO - Data loaded successfully into Redshift.
[2024-08-01T12:41:25.689+0000] {python.py:237} INFO - Done. Returned value was: None
[2024-08-01T12:41:25.690+0000] {taskinstance.py:441} INFO - ::group::Post task execution logs
[2024-08-01T12:41:25.702+0000] {taskinstance.py:1206} INFO - Marking task as SUCCESS. dag_id=pipeline_dag, task_id=load, run_id=manual__2024-08-01T12:40:20.881794+00:00, execution_date=20240801T124020, start_date=20240801T124027, end_date=20240801T124125
[2024-08-01T12:41:25.744+0000] {local_task_job_runner.py:240} INFO - Task exited with return code 0
[2024-08-01T12:41:25.760+0000] {taskinstance.py:3503} INFO - 1 downstream tasks scheduled from follow-on schedule check
[2024-08-01T12:41:25.765+0000] {local_task_job_runner.py:222} INFO - ::endgroup::
