[2024-08-01T14:00:04.620+0000] {local_task_job_runner.py:120} INFO - ::group::Pre task execution logs
[2024-08-01T14:00:04.641+0000] {taskinstance.py:2076} INFO - Dependencies all met for dep_context=non-requeueable deps ti=<TaskInstance: pipeline_dag.alert manual__2024-08-01T14:00:00.458036+00:00 [queued]>
[2024-08-01T14:00:04.649+0000] {taskinstance.py:2076} INFO - Dependencies all met for dep_context=requeueable deps ti=<TaskInstance: pipeline_dag.alert manual__2024-08-01T14:00:00.458036+00:00 [queued]>
[2024-08-01T14:00:04.650+0000] {taskinstance.py:2306} INFO - Starting attempt 1 of 2
[2024-08-01T14:00:04.801+0000] {taskinstance.py:2330} INFO - Executing <Task(PythonOperator): alert> on 2024-08-01 14:00:00.458036+00:00
[2024-08-01T14:00:04.808+0000] {warnings.py:112} WARNING - /home/***/.local/lib/python3.12/site-packages/***/task/task_runner/standard_task_runner.py:61: DeprecationWarning: This process (pid=82) is multi-threaded, use of fork() may lead to deadlocks in the child.
  pid = os.fork()

[2024-08-01T14:00:04.811+0000] {standard_task_runner.py:63} INFO - Started process 86 to run task
[2024-08-01T14:00:04.810+0000] {standard_task_runner.py:90} INFO - Running: ['***', 'tasks', 'run', 'pipeline_dag', 'alert', 'manual__2024-08-01T14:00:00.458036+00:00', '--job-id', '136', '--raw', '--subdir', 'DAGS_FOLDER/my_dag.py', '--cfg-path', '/tmp/tmp0j1iyuvn']
[2024-08-01T14:00:04.814+0000] {standard_task_runner.py:91} INFO - Job 136: Subtask alert
[2024-08-01T14:00:04.871+0000] {task_command.py:426} INFO - Running <TaskInstance: pipeline_dag.alert manual__2024-08-01T14:00:00.458036+00:00 [running]> on host 483f2b12661b
[2024-08-01T14:00:04.969+0000] {taskinstance.py:2648} INFO - Exporting env vars: AIRFLOW_CTX_DAG_OWNER='***' AIRFLOW_CTX_DAG_ID='pipeline_dag' AIRFLOW_CTX_TASK_ID='alert' AIRFLOW_CTX_EXECUTION_DATE='2024-08-01T14:00:00.458036+00:00' AIRFLOW_CTX_TRY_NUMBER='1' AIRFLOW_CTX_DAG_RUN_ID='manual__2024-08-01T14:00:00.458036+00:00'
[2024-08-01T14:00:04.970+0000] {taskinstance.py:430} INFO - ::endgroup::
[2024-08-01T14:00:05.166+0000] {logging_mixin.py:188} INFO - Error al enviar la alerta: [Errno -2] Name or service not known
[2024-08-01T14:00:05.178+0000] {logging_mixin.py:188} INFO - Error al enviar la alerta: [Errno -2] Name or service not known
[2024-08-01T14:00:05.179+0000] {python.py:237} INFO - Done. Returned value was: None
[2024-08-01T14:00:05.179+0000] {taskinstance.py:441} INFO - ::group::Post task execution logs
[2024-08-01T14:00:05.188+0000] {taskinstance.py:1206} INFO - Marking task as SUCCESS. dag_id=pipeline_dag, task_id=alert, run_id=manual__2024-08-01T14:00:00.458036+00:00, execution_date=20240801T140000, start_date=20240801T140004, end_date=20240801T140005
[2024-08-01T14:00:05.226+0000] {local_task_job_runner.py:240} INFO - Task exited with return code 0
[2024-08-01T14:00:05.240+0000] {taskinstance.py:3503} INFO - 0 downstream tasks scheduled from follow-on schedule check
[2024-08-01T14:00:05.243+0000] {local_task_job_runner.py:222} INFO - ::endgroup::
