[2024-08-05T15:25:38.130+0000] {local_task_job_runner.py:120} INFO - ::group::Pre task execution logs
[2024-08-05T15:25:38.155+0000] {taskinstance.py:2076} INFO - Dependencies all met for dep_context=non-requeueable deps ti=<TaskInstance: pipeline_dag.alert manual__2024-08-05T15:25:34.055040+00:00 [queued]>
[2024-08-05T15:25:38.164+0000] {taskinstance.py:2076} INFO - Dependencies all met for dep_context=requeueable deps ti=<TaskInstance: pipeline_dag.alert manual__2024-08-05T15:25:34.055040+00:00 [queued]>
[2024-08-05T15:25:38.165+0000] {taskinstance.py:2306} INFO - Starting attempt 1 of 2
[2024-08-05T15:25:38.331+0000] {taskinstance.py:2330} INFO - Executing <Task(PythonOperator): alert> on 2024-08-05 15:25:34.055040+00:00
[2024-08-05T15:25:38.337+0000] {warnings.py:112} WARNING - /home/***/.local/lib/python3.12/site-packages/***/task/task_runner/standard_task_runner.py:61: DeprecationWarning: This process (pid=76) is multi-threaded, use of fork() may lead to deadlocks in the child.
  pid = os.fork()

[2024-08-05T15:25:38.339+0000] {standard_task_runner.py:63} INFO - Started process 79 to run task
[2024-08-05T15:25:38.338+0000] {standard_task_runner.py:90} INFO - Running: ['***', 'tasks', 'run', 'pipeline_dag', 'alert', 'manual__2024-08-05T15:25:34.055040+00:00', '--job-id', '355', '--raw', '--subdir', 'DAGS_FOLDER/my_dag.py', '--cfg-path', '/tmp/tmpmbv6oizr']
[2024-08-05T15:25:38.341+0000] {standard_task_runner.py:91} INFO - Job 355: Subtask alert
[2024-08-05T15:25:38.384+0000] {task_command.py:426} INFO - Running <TaskInstance: pipeline_dag.alert manual__2024-08-05T15:25:34.055040+00:00 [running]> on host ea1558f95a7b
[2024-08-05T15:25:38.463+0000] {taskinstance.py:2648} INFO - Exporting env vars: AIRFLOW_CTX_DAG_OWNER='***' AIRFLOW_CTX_DAG_ID='pipeline_dag' AIRFLOW_CTX_TASK_ID='alert' AIRFLOW_CTX_EXECUTION_DATE='2024-08-05T15:25:34.055040+00:00' AIRFLOW_CTX_TRY_NUMBER='1' AIRFLOW_CTX_DAG_RUN_ID='manual__2024-08-05T15:25:34.055040+00:00'
[2024-08-05T15:25:38.464+0000] {taskinstance.py:430} INFO - ::endgroup::
[2024-08-05T15:25:48.632+0000] {logging_mixin.py:188} INFO - Error al enviar la alerta: Connection unexpectedly closed
[2024-08-05T15:25:58.760+0000] {logging_mixin.py:188} INFO - Error al enviar la alerta: Connection unexpectedly closed
[2024-08-05T15:25:58.761+0000] {python.py:237} INFO - Done. Returned value was: None
[2024-08-05T15:25:58.762+0000] {taskinstance.py:441} INFO - ::group::Post task execution logs
[2024-08-05T15:25:58.772+0000] {taskinstance.py:1206} INFO - Marking task as SUCCESS. dag_id=pipeline_dag, task_id=alert, run_id=manual__2024-08-05T15:25:34.055040+00:00, execution_date=20240805T152534, start_date=20240805T152538, end_date=20240805T152558
[2024-08-05T15:25:58.817+0000] {local_task_job_runner.py:240} INFO - Task exited with return code 0
[2024-08-05T15:25:58.835+0000] {taskinstance.py:3503} INFO - 0 downstream tasks scheduled from follow-on schedule check
[2024-08-05T15:25:58.840+0000] {local_task_job_runner.py:222} INFO - ::endgroup::
