[2024-08-05T14:19:30.737+0000] {local_task_job_runner.py:120} INFO - ::group::Pre task execution logs
[2024-08-05T14:19:30.764+0000] {taskinstance.py:2076} INFO - Dependencies all met for dep_context=non-requeueable deps ti=<TaskInstance: pipeline_dag.load scheduled__2024-08-01T00:00:00+00:00 [queued]>
[2024-08-05T14:19:30.771+0000] {taskinstance.py:2076} INFO - Dependencies all met for dep_context=requeueable deps ti=<TaskInstance: pipeline_dag.load scheduled__2024-08-01T00:00:00+00:00 [queued]>
[2024-08-05T14:19:30.772+0000] {taskinstance.py:2306} INFO - Starting attempt 1 of 2
[2024-08-05T14:19:30.961+0000] {taskinstance.py:2330} INFO - Executing <Task(PythonOperator): load> on 2024-08-01 00:00:00+00:00
[2024-08-05T14:19:30.969+0000] {warnings.py:112} WARNING - /home/***/.local/lib/python3.12/site-packages/***/task/task_runner/standard_task_runner.py:61: DeprecationWarning: This process (pid=106) is multi-threaded, use of fork() may lead to deadlocks in the child.
  pid = os.fork()

[2024-08-05T14:19:30.973+0000] {standard_task_runner.py:63} INFO - Started process 115 to run task
[2024-08-05T14:19:30.971+0000] {standard_task_runner.py:90} INFO - Running: ['***', 'tasks', 'run', 'pipeline_dag', 'load', 'scheduled__2024-08-01T00:00:00+00:00', '--job-id', '251', '--raw', '--subdir', 'DAGS_FOLDER/my_dag.py', '--cfg-path', '/tmp/tmp_d1hg99v']
[2024-08-05T14:19:30.975+0000] {standard_task_runner.py:91} INFO - Job 251: Subtask load
[2024-08-05T14:19:31.037+0000] {task_command.py:426} INFO - Running <TaskInstance: pipeline_dag.load scheduled__2024-08-01T00:00:00+00:00 [running]> on host e1f485dc5d54
[2024-08-05T14:19:31.134+0000] {taskinstance.py:2648} INFO - Exporting env vars: AIRFLOW_CTX_DAG_OWNER='***' AIRFLOW_CTX_DAG_ID='pipeline_dag' AIRFLOW_CTX_TASK_ID='load' AIRFLOW_CTX_EXECUTION_DATE='2024-08-01T00:00:00+00:00' AIRFLOW_CTX_TRY_NUMBER='1' AIRFLOW_CTX_DAG_RUN_ID='scheduled__2024-08-01T00:00:00+00:00'
[2024-08-05T14:19:31.135+0000] {taskinstance.py:430} INFO - ::endgroup::
[2024-08-05T14:20:40.429+0000] {logging_mixin.py:188} INFO - Datos cargados en la tabla crypto_data
[2024-08-05T14:20:40.430+0000] {logging_mixin.py:188} INFO - Data loaded successfully into Redshift.
[2024-08-05T14:20:40.431+0000] {python.py:237} INFO - Done. Returned value was: None
[2024-08-05T14:20:40.432+0000] {taskinstance.py:441} INFO - ::group::Post task execution logs
[2024-08-05T14:20:40.441+0000] {taskinstance.py:1206} INFO - Marking task as SUCCESS. dag_id=pipeline_dag, task_id=load, run_id=scheduled__2024-08-01T00:00:00+00:00, execution_date=20240801T000000, start_date=20240805T141930, end_date=20240805T142040
[2024-08-05T14:20:40.476+0000] {local_task_job_runner.py:240} INFO - Task exited with return code 0
[2024-08-05T14:20:40.494+0000] {taskinstance.py:3503} INFO - 1 downstream tasks scheduled from follow-on schedule check
[2024-08-05T14:20:40.498+0000] {local_task_job_runner.py:222} INFO - ::endgroup::
