[2024-08-05T14:19:30.737+0000] {local_task_job_runner.py:120} INFO - ::group::Pre task execution logs
[2024-08-05T14:19:30.764+0000] {taskinstance.py:2076} INFO - Dependencies all met for dep_context=non-requeueable deps ti=<TaskInstance: pipeline_dag.alert scheduled__2024-08-01T00:00:00+00:00 [queued]>
[2024-08-05T14:19:30.771+0000] {taskinstance.py:2076} INFO - Dependencies all met for dep_context=requeueable deps ti=<TaskInstance: pipeline_dag.alert scheduled__2024-08-01T00:00:00+00:00 [queued]>
[2024-08-05T14:19:30.772+0000] {taskinstance.py:2306} INFO - Starting attempt 1 of 2
[2024-08-05T14:19:30.947+0000] {taskinstance.py:2330} INFO - Executing <Task(PythonOperator): alert> on 2024-08-01 00:00:00+00:00
[2024-08-05T14:19:30.953+0000] {warnings.py:112} WARNING - /home/***/.local/lib/python3.12/site-packages/***/task/task_runner/standard_task_runner.py:61: DeprecationWarning: This process (pid=107) is multi-threaded, use of fork() may lead to deadlocks in the child.
  pid = os.fork()

[2024-08-05T14:19:30.955+0000] {standard_task_runner.py:63} INFO - Started process 112 to run task
[2024-08-05T14:19:30.956+0000] {standard_task_runner.py:90} INFO - Running: ['***', 'tasks', 'run', 'pipeline_dag', 'alert', 'scheduled__2024-08-01T00:00:00+00:00', '--job-id', '252', '--raw', '--subdir', 'DAGS_FOLDER/my_dag.py', '--cfg-path', '/tmp/tmp9otwntd9']
[2024-08-05T14:19:30.959+0000] {standard_task_runner.py:91} INFO - Job 252: Subtask alert
[2024-08-05T14:19:31.024+0000] {task_command.py:426} INFO - Running <TaskInstance: pipeline_dag.alert scheduled__2024-08-01T00:00:00+00:00 [running]> on host e1f485dc5d54
[2024-08-05T14:19:31.118+0000] {taskinstance.py:2648} INFO - Exporting env vars: AIRFLOW_CTX_DAG_OWNER='***' AIRFLOW_CTX_DAG_ID='pipeline_dag' AIRFLOW_CTX_TASK_ID='alert' AIRFLOW_CTX_EXECUTION_DATE='2024-08-01T00:00:00+00:00' AIRFLOW_CTX_TRY_NUMBER='1' AIRFLOW_CTX_DAG_RUN_ID='scheduled__2024-08-01T00:00:00+00:00'
[2024-08-05T14:19:31.120+0000] {taskinstance.py:430} INFO - ::endgroup::
[2024-08-05T14:19:33.075+0000] {logging_mixin.py:188} INFO - Error al enviar la alerta: (535, b'5.7.8 Username and Password not accepted. For more information, go to\n5.7.8  https://support.google.com/mail/?p=BadCredentials d9443c01a7336-1ff5917829esm68202065ad.215 - gsmtp')
[2024-08-05T14:19:34.836+0000] {logging_mixin.py:188} INFO - Error al enviar la alerta: (535, b'5.7.8 Username and Password not accepted. For more information, go to\n5.7.8  https://support.google.com/mail/?p=BadCredentials d9443c01a7336-1ff592b5886sm67928575ad.299 - gsmtp')
[2024-08-05T14:19:34.837+0000] {python.py:237} INFO - Done. Returned value was: None
[2024-08-05T14:19:34.838+0000] {taskinstance.py:441} INFO - ::group::Post task execution logs
[2024-08-05T14:19:34.845+0000] {taskinstance.py:1206} INFO - Marking task as SUCCESS. dag_id=pipeline_dag, task_id=alert, run_id=scheduled__2024-08-01T00:00:00+00:00, execution_date=20240801T000000, start_date=20240805T141930, end_date=20240805T141934
[2024-08-05T14:19:34.910+0000] {local_task_job_runner.py:240} INFO - Task exited with return code 0
[2024-08-05T14:19:34.923+0000] {taskinstance.py:3503} INFO - 0 downstream tasks scheduled from follow-on schedule check
[2024-08-05T14:19:34.928+0000] {local_task_job_runner.py:222} INFO - ::endgroup::
