[2024-08-05T14:31:10.304+0000] {local_task_job_runner.py:120} INFO - ::group::Pre task execution logs
[2024-08-05T14:31:10.324+0000] {taskinstance.py:2076} INFO - Dependencies all met for dep_context=non-requeueable deps ti=<TaskInstance: pipeline_dag.alert manual__2024-08-05T14:31:03.554121+00:00 [queued]>
[2024-08-05T14:31:10.331+0000] {taskinstance.py:2076} INFO - Dependencies all met for dep_context=requeueable deps ti=<TaskInstance: pipeline_dag.alert manual__2024-08-05T14:31:03.554121+00:00 [queued]>
[2024-08-05T14:31:10.332+0000] {taskinstance.py:2306} INFO - Starting attempt 1 of 2
[2024-08-05T14:31:10.472+0000] {taskinstance.py:2330} INFO - Executing <Task(PythonOperator): alert> on 2024-08-05 14:31:03.554121+00:00
[2024-08-05T14:31:10.477+0000] {warnings.py:112} WARNING - /home/***/.local/lib/python3.12/site-packages/***/task/task_runner/standard_task_runner.py:61: DeprecationWarning: This process (pid=72) is multi-threaded, use of fork() may lead to deadlocks in the child.
  pid = os.fork()

[2024-08-05T14:31:10.478+0000] {standard_task_runner.py:63} INFO - Started process 77 to run task
[2024-08-05T14:31:10.478+0000] {standard_task_runner.py:90} INFO - Running: ['***', 'tasks', 'run', 'pipeline_dag', 'alert', 'manual__2024-08-05T14:31:03.554121+00:00', '--job-id', '297', '--raw', '--subdir', 'DAGS_FOLDER/my_dag.py', '--cfg-path', '/tmp/tmpu2dp40zx']
[2024-08-05T14:31:10.481+0000] {standard_task_runner.py:91} INFO - Job 297: Subtask alert
[2024-08-05T14:31:10.520+0000] {task_command.py:426} INFO - Running <TaskInstance: pipeline_dag.alert manual__2024-08-05T14:31:03.554121+00:00 [running]> on host 4987e4d3f904
[2024-08-05T14:31:10.596+0000] {taskinstance.py:2648} INFO - Exporting env vars: AIRFLOW_CTX_DAG_OWNER='***' AIRFLOW_CTX_DAG_ID='pipeline_dag' AIRFLOW_CTX_TASK_ID='alert' AIRFLOW_CTX_EXECUTION_DATE='2024-08-05T14:31:03.554121+00:00' AIRFLOW_CTX_TRY_NUMBER='1' AIRFLOW_CTX_DAG_RUN_ID='manual__2024-08-05T14:31:03.554121+00:00'
[2024-08-05T14:31:10.597+0000] {taskinstance.py:430} INFO - ::endgroup::
[2024-08-05T14:31:11.915+0000] {logging_mixin.py:188} INFO - Error al enviar la alerta: Connection unexpectedly closed
[2024-08-05T14:31:13.165+0000] {logging_mixin.py:188} INFO - Error al enviar la alerta: Connection unexpectedly closed
[2024-08-05T14:31:13.166+0000] {python.py:237} INFO - Done. Returned value was: None
[2024-08-05T14:31:13.167+0000] {taskinstance.py:441} INFO - ::group::Post task execution logs
[2024-08-05T14:31:13.177+0000] {taskinstance.py:1206} INFO - Marking task as SUCCESS. dag_id=pipeline_dag, task_id=alert, run_id=manual__2024-08-05T14:31:03.554121+00:00, execution_date=20240805T143103, start_date=20240805T143110, end_date=20240805T143113
[2024-08-05T14:31:13.229+0000] {local_task_job_runner.py:240} INFO - Task exited with return code 0
[2024-08-05T14:31:13.245+0000] {taskinstance.py:3503} INFO - 0 downstream tasks scheduled from follow-on schedule check
[2024-08-05T14:31:13.249+0000] {local_task_job_runner.py:222} INFO - ::endgroup::
