[2024-08-01T14:05:29.592+0000] {local_task_job_runner.py:120} INFO - ::group::Pre task execution logs
[2024-08-01T14:05:29.623+0000] {taskinstance.py:2076} INFO - Dependencies all met for dep_context=non-requeueable deps ti=<TaskInstance: pipeline_dag.alert manual__2024-08-01T14:05:23.532640+00:00 [queued]>
[2024-08-01T14:05:29.632+0000] {taskinstance.py:2076} INFO - Dependencies all met for dep_context=requeueable deps ti=<TaskInstance: pipeline_dag.alert manual__2024-08-01T14:05:23.532640+00:00 [queued]>
[2024-08-01T14:05:29.633+0000] {taskinstance.py:2306} INFO - Starting attempt 1 of 2
[2024-08-01T14:05:29.857+0000] {taskinstance.py:2330} INFO - Executing <Task(PythonOperator): alert> on 2024-08-01 14:05:23.532640+00:00
[2024-08-01T14:05:29.863+0000] {warnings.py:112} WARNING - /home/***/.local/lib/python3.12/site-packages/***/task/task_runner/standard_task_runner.py:61: DeprecationWarning: This process (pid=68) is multi-threaded, use of fork() may lead to deadlocks in the child.
  pid = os.fork()

[2024-08-01T14:05:29.865+0000] {standard_task_runner.py:63} INFO - Started process 79 to run task
[2024-08-01T14:05:29.865+0000] {standard_task_runner.py:90} INFO - Running: ['***', 'tasks', 'run', 'pipeline_dag', 'alert', 'manual__2024-08-01T14:05:23.532640+00:00', '--job-id', '145', '--raw', '--subdir', 'DAGS_FOLDER/my_dag.py', '--cfg-path', '/tmp/tmp9bj_xduy']
[2024-08-01T14:05:29.867+0000] {standard_task_runner.py:91} INFO - Job 145: Subtask alert
[2024-08-01T14:05:29.922+0000] {task_command.py:426} INFO - Running <TaskInstance: pipeline_dag.alert manual__2024-08-01T14:05:23.532640+00:00 [running]> on host 483f2b12661b
[2024-08-01T14:05:30.014+0000] {taskinstance.py:2648} INFO - Exporting env vars: AIRFLOW_CTX_DAG_OWNER='***' AIRFLOW_CTX_DAG_ID='pipeline_dag' AIRFLOW_CTX_TASK_ID='alert' AIRFLOW_CTX_EXECUTION_DATE='2024-08-01T14:05:23.532640+00:00' AIRFLOW_CTX_TRY_NUMBER='1' AIRFLOW_CTX_DAG_RUN_ID='manual__2024-08-01T14:05:23.532640+00:00'
[2024-08-01T14:05:30.015+0000] {taskinstance.py:430} INFO - ::endgroup::
[2024-08-01T14:05:30.203+0000] {logging_mixin.py:188} INFO - Error al enviar la alerta: [Errno -2] Name or service not known
[2024-08-01T14:05:30.208+0000] {logging_mixin.py:188} INFO - Error al enviar la alerta: [Errno -2] Name or service not known
[2024-08-01T14:05:30.209+0000] {python.py:237} INFO - Done. Returned value was: None
[2024-08-01T14:05:30.210+0000] {taskinstance.py:441} INFO - ::group::Post task execution logs
[2024-08-01T14:05:30.219+0000] {taskinstance.py:1206} INFO - Marking task as SUCCESS. dag_id=pipeline_dag, task_id=alert, run_id=manual__2024-08-01T14:05:23.532640+00:00, execution_date=20240801T140523, start_date=20240801T140529, end_date=20240801T140530
[2024-08-01T14:05:30.280+0000] {local_task_job_runner.py:240} INFO - Task exited with return code 0
[2024-08-01T14:05:30.300+0000] {taskinstance.py:3503} INFO - 0 downstream tasks scheduled from follow-on schedule check
[2024-08-01T14:05:30.322+0000] {local_task_job_runner.py:222} INFO - ::endgroup::
