[2024-08-01T13:26:42.978+0000] {local_task_job_runner.py:120} INFO - ::group::Pre task execution logs
[2024-08-01T13:26:43.003+0000] {taskinstance.py:2076} INFO - Dependencies all met for dep_context=non-requeueable deps ti=<TaskInstance: pipeline_dag.load manual__2024-08-01T13:26:38.341776+00:00 [queued]>
[2024-08-01T13:26:43.011+0000] {taskinstance.py:2076} INFO - Dependencies all met for dep_context=requeueable deps ti=<TaskInstance: pipeline_dag.load manual__2024-08-01T13:26:38.341776+00:00 [queued]>
[2024-08-01T13:26:43.012+0000] {taskinstance.py:2306} INFO - Starting attempt 1 of 2
[2024-08-01T13:26:43.155+0000] {taskinstance.py:2330} INFO - Executing <Task(PythonOperator): load> on 2024-08-01 13:26:38.341776+00:00
[2024-08-01T13:26:43.164+0000] {warnings.py:112} WARNING - /home/***/.local/lib/python3.12/site-packages/***/task/task_runner/standard_task_runner.py:61: DeprecationWarning: This process (pid=67) is multi-threaded, use of fork() may lead to deadlocks in the child.
  pid = os.fork()

[2024-08-01T13:26:43.166+0000] {standard_task_runner.py:63} INFO - Started process 72 to run task
[2024-08-01T13:26:43.166+0000] {standard_task_runner.py:90} INFO - Running: ['***', 'tasks', 'run', 'pipeline_dag', 'load', 'manual__2024-08-01T13:26:38.341776+00:00', '--job-id', '91', '--raw', '--subdir', 'DAGS_FOLDER/my_dag.py', '--cfg-path', '/tmp/tmpzkrf3ns3']
[2024-08-01T13:26:43.169+0000] {standard_task_runner.py:91} INFO - Job 91: Subtask load
[2024-08-01T13:26:43.217+0000] {task_command.py:426} INFO - Running <TaskInstance: pipeline_dag.load manual__2024-08-01T13:26:38.341776+00:00 [running]> on host 483f2b12661b
[2024-08-01T13:26:43.296+0000] {taskinstance.py:2648} INFO - Exporting env vars: AIRFLOW_CTX_DAG_OWNER='***' AIRFLOW_CTX_DAG_ID='pipeline_dag' AIRFLOW_CTX_TASK_ID='load' AIRFLOW_CTX_EXECUTION_DATE='2024-08-01T13:26:38.341776+00:00' AIRFLOW_CTX_TRY_NUMBER='1' AIRFLOW_CTX_DAG_RUN_ID='manual__2024-08-01T13:26:38.341776+00:00'
[2024-08-01T13:26:43.298+0000] {taskinstance.py:430} INFO - ::endgroup::
[2024-08-01T13:26:43.612+0000] {warnings.py:112} WARNING - /home/***/.local/lib/python3.12/site-packages/sqlalchemy_redshift/commands.py:31: SyntaxWarning: invalid escape sequence '\-'
  IAM_ROLE_NAME_RE = re.compile('[A-Za-z0-9+=,.@\-_]{1,64}')  # noqa

[2024-08-01T13:26:43.612+0000] {warnings.py:112} WARNING - /home/***/.local/lib/python3.12/site-packages/sqlalchemy_redshift/commands.py:33: SyntaxWarning: invalid escape sequence '\-'
  '[0-9]{12}:role/[A-Za-z0-9+=,.@\-_]{1,64}')  # noqa

[2024-08-01T13:27:41.285+0000] {logging_mixin.py:188} INFO - Datos cargados en la tabla crypto_data
[2024-08-01T13:27:41.286+0000] {logging_mixin.py:188} INFO - Data loaded successfully into Redshift.
[2024-08-01T13:27:41.287+0000] {python.py:237} INFO - Done. Returned value was: None
[2024-08-01T13:27:41.289+0000] {taskinstance.py:441} INFO - ::group::Post task execution logs
[2024-08-01T13:27:41.300+0000] {taskinstance.py:1206} INFO - Marking task as SUCCESS. dag_id=pipeline_dag, task_id=load, run_id=manual__2024-08-01T13:26:38.341776+00:00, execution_date=20240801T132638, start_date=20240801T132643, end_date=20240801T132741
[2024-08-01T13:27:41.342+0000] {local_task_job_runner.py:240} INFO - Task exited with return code 0
[2024-08-01T13:27:41.361+0000] {taskinstance.py:3503} INFO - 1 downstream tasks scheduled from follow-on schedule check
[2024-08-01T13:27:41.366+0000] {local_task_job_runner.py:222} INFO - ::endgroup::
