[2024-08-05T14:20:41.783+0000] {local_task_job_runner.py:120} INFO - ::group::Pre task execution logs
[2024-08-05T14:20:41.809+0000] {taskinstance.py:2076} INFO - Dependencies all met for dep_context=non-requeueable deps ti=<TaskInstance: pipeline_dag.send_mail scheduled__2024-08-01T00:00:00+00:00 [queued]>
[2024-08-05T14:20:41.818+0000] {taskinstance.py:2076} INFO - Dependencies all met for dep_context=requeueable deps ti=<TaskInstance: pipeline_dag.send_mail scheduled__2024-08-01T00:00:00+00:00 [queued]>
[2024-08-05T14:20:41.819+0000] {taskinstance.py:2306} INFO - Starting attempt 1 of 2
[2024-08-05T14:20:41.996+0000] {taskinstance.py:2330} INFO - Executing <Task(PythonOperator): send_mail> on 2024-08-01 00:00:00+00:00
[2024-08-05T14:20:42.002+0000] {warnings.py:112} WARNING - /home/***/.local/lib/python3.12/site-packages/***/task/task_runner/standard_task_runner.py:61: DeprecationWarning: This process (pid=134) is multi-threaded, use of fork() may lead to deadlocks in the child.
  pid = os.fork()

[2024-08-05T14:20:42.004+0000] {standard_task_runner.py:63} INFO - Started process 137 to run task
[2024-08-05T14:20:42.005+0000] {standard_task_runner.py:90} INFO - Running: ['***', 'tasks', 'run', 'pipeline_dag', 'send_mail', 'scheduled__2024-08-01T00:00:00+00:00', '--job-id', '257', '--raw', '--subdir', 'DAGS_FOLDER/my_dag.py', '--cfg-path', '/tmp/tmpppyh2nld']
[2024-08-05T14:20:42.008+0000] {standard_task_runner.py:91} INFO - Job 257: Subtask send_mail
[2024-08-05T14:20:42.053+0000] {task_command.py:426} INFO - Running <TaskInstance: pipeline_dag.send_mail scheduled__2024-08-01T00:00:00+00:00 [running]> on host e1f485dc5d54
[2024-08-05T14:20:42.141+0000] {taskinstance.py:2648} INFO - Exporting env vars: AIRFLOW_CTX_DAG_OWNER='***' AIRFLOW_CTX_DAG_ID='pipeline_dag' AIRFLOW_CTX_TASK_ID='send_mail' AIRFLOW_CTX_EXECUTION_DATE='2024-08-01T00:00:00+00:00' AIRFLOW_CTX_TRY_NUMBER='1' AIRFLOW_CTX_DAG_RUN_ID='scheduled__2024-08-01T00:00:00+00:00'
[2024-08-05T14:20:42.142+0000] {taskinstance.py:430} INFO - ::endgroup::
[2024-08-05T14:20:44.243+0000] {logging_mixin.py:188} INFO - Error de autenticación: 535 - b'5.7.8 Username and Password not accepted. For more information, go to\n5.7.8  https://support.google.com/mail/?p=BadCredentials 41be03b00d2f7-7b763a3c6bdsm4615141a12.43 - gsmtp'
[2024-08-05T14:20:44.244+0000] {python.py:237} INFO - Done. Returned value was: None
[2024-08-05T14:20:44.245+0000] {taskinstance.py:441} INFO - ::group::Post task execution logs
[2024-08-05T14:20:44.252+0000] {taskinstance.py:1206} INFO - Marking task as SUCCESS. dag_id=pipeline_dag, task_id=send_mail, run_id=scheduled__2024-08-01T00:00:00+00:00, execution_date=20240801T000000, start_date=20240805T142041, end_date=20240805T142044
[2024-08-05T14:20:44.271+0000] {local_task_job_runner.py:240} INFO - Task exited with return code 0
[2024-08-05T14:20:44.284+0000] {taskinstance.py:3503} INFO - 0 downstream tasks scheduled from follow-on schedule check
[2024-08-05T14:20:44.289+0000] {local_task_job_runner.py:222} INFO - ::endgroup::
