[2024-08-01T12:16:14.227+0000] {local_task_job_runner.py:120} INFO - ::group::Pre task execution logs
[2024-08-01T12:16:14.933+0000] {taskinstance.py:2076} INFO - Dependencies all met for dep_context=non-requeueable deps ti=<TaskInstance: pipeline_dag.load scheduled__2024-07-31T00:00:00+00:00 [queued]>
[2024-08-01T12:16:14.965+0000] {taskinstance.py:2076} INFO - Dependencies all met for dep_context=requeueable deps ti=<TaskInstance: pipeline_dag.load scheduled__2024-07-31T00:00:00+00:00 [queued]>
[2024-08-01T12:16:14.966+0000] {taskinstance.py:2306} INFO - Starting attempt 1 of 2
[2024-08-01T12:16:15.792+0000] {taskinstance.py:2330} INFO - Executing <Task(PythonOperator): load> on 2024-07-31 00:00:00+00:00
[2024-08-01T12:16:15.819+0000] {warnings.py:112} WARNING - /home/***/.local/lib/python3.12/site-packages/***/task/task_runner/standard_task_runner.py:61: DeprecationWarning: This process (pid=114) is multi-threaded, use of fork() may lead to deadlocks in the child.
  pid = os.fork()

[2024-08-01T12:16:15.821+0000] {standard_task_runner.py:63} INFO - Started process 119 to run task
[2024-08-01T12:16:15.822+0000] {standard_task_runner.py:90} INFO - Running: ['***', 'tasks', 'run', 'pipeline_dag', 'load', 'scheduled__2024-07-31T00:00:00+00:00', '--job-id', '8', '--raw', '--subdir', 'DAGS_FOLDER/my_dag.py', '--cfg-path', '/tmp/tmpx8hlwusu']
[2024-08-01T12:16:15.825+0000] {standard_task_runner.py:91} INFO - Job 8: Subtask load
[2024-08-01T12:16:16.002+0000] {task_command.py:426} INFO - Running <TaskInstance: pipeline_dag.load scheduled__2024-07-31T00:00:00+00:00 [running]> on host 13956c1b13e1
[2024-08-01T12:16:16.385+0000] {taskinstance.py:2648} INFO - Exporting env vars: AIRFLOW_CTX_DAG_OWNER='***' AIRFLOW_CTX_DAG_ID='pipeline_dag' AIRFLOW_CTX_TASK_ID='load' AIRFLOW_CTX_EXECUTION_DATE='2024-07-31T00:00:00+00:00' AIRFLOW_CTX_TRY_NUMBER='1' AIRFLOW_CTX_DAG_RUN_ID='scheduled__2024-07-31T00:00:00+00:00'
[2024-08-01T12:16:16.420+0000] {taskinstance.py:430} INFO - ::endgroup::
[2024-08-01T12:16:29.424+0000] {warnings.py:112} WARNING - /home/***/.local/lib/python3.12/site-packages/sqlalchemy_redshift/commands.py:31: SyntaxWarning: invalid escape sequence '\-'
  IAM_ROLE_NAME_RE = re.compile('[A-Za-z0-9+=,.@\-_]{1,64}')  # noqa

[2024-08-01T12:16:29.428+0000] {warnings.py:112} WARNING - /home/***/.local/lib/python3.12/site-packages/sqlalchemy_redshift/commands.py:33: SyntaxWarning: invalid escape sequence '\-'
  '[0-9]{12}:role/[A-Za-z0-9+=,.@\-_]{1,64}')  # noqa

[2024-08-01T12:17:59.095+0000] {logging_mixin.py:188} INFO - Datos cargados en la tabla crypto_data
[2024-08-01T12:17:59.326+0000] {logging_mixin.py:188} INFO - Data loaded successfully into Redshift.
[2024-08-01T12:17:59.459+0000] {python.py:237} INFO - Done. Returned value was: None
[2024-08-01T12:17:59.621+0000] {taskinstance.py:441} INFO - ::group::Post task execution logs
[2024-08-01T12:18:00.334+0000] {taskinstance.py:1206} INFO - Marking task as SUCCESS. dag_id=pipeline_dag, task_id=load, run_id=scheduled__2024-07-31T00:00:00+00:00, execution_date=20240731T000000, start_date=20240801T121614, end_date=20240801T121800
[2024-08-01T12:18:01.176+0000] {local_task_job_runner.py:240} INFO - Task exited with return code 0
[2024-08-01T12:18:01.487+0000] {taskinstance.py:3503} INFO - 0 downstream tasks scheduled from follow-on schedule check
[2024-08-01T12:18:01.493+0000] {local_task_job_runner.py:222} INFO - ::endgroup::
