[2024-08-01T13:20:29.922+0000] {local_task_job_runner.py:120} INFO - ::group::Pre task execution logs
[2024-08-01T13:20:29.943+0000] {taskinstance.py:2076} INFO - Dependencies all met for dep_context=non-requeueable deps ti=<TaskInstance: pipeline_dag.send_mail manual__2024-08-01T13:19:21.675657+00:00 [queued]>
[2024-08-01T13:20:29.951+0000] {taskinstance.py:2076} INFO - Dependencies all met for dep_context=requeueable deps ti=<TaskInstance: pipeline_dag.send_mail manual__2024-08-01T13:19:21.675657+00:00 [queued]>
[2024-08-01T13:20:29.953+0000] {taskinstance.py:2306} INFO - Starting attempt 1 of 2
[2024-08-01T13:20:30.101+0000] {taskinstance.py:2330} INFO - Executing <Task(PythonOperator): send_mail> on 2024-08-01 13:19:21.675657+00:00
[2024-08-01T13:20:30.107+0000] {warnings.py:112} WARNING - /home/***/.local/lib/python3.12/site-packages/***/task/task_runner/standard_task_runner.py:61: DeprecationWarning: This process (pid=83) is multi-threaded, use of fork() may lead to deadlocks in the child.
  pid = os.fork()

[2024-08-01T13:20:30.109+0000] {standard_task_runner.py:63} INFO - Started process 85 to run task
[2024-08-01T13:20:30.108+0000] {standard_task_runner.py:90} INFO - Running: ['***', 'tasks', 'run', 'pipeline_dag', 'send_mail', 'manual__2024-08-01T13:19:21.675657+00:00', '--job-id', '83', '--raw', '--subdir', 'DAGS_FOLDER/my_dag.py', '--cfg-path', '/tmp/tmpapqbd8cj']
[2024-08-01T13:20:30.111+0000] {standard_task_runner.py:91} INFO - Job 83: Subtask send_mail
[2024-08-01T13:20:30.158+0000] {task_command.py:426} INFO - Running <TaskInstance: pipeline_dag.send_mail manual__2024-08-01T13:19:21.675657+00:00 [running]> on host 00b0442d89d3
[2024-08-01T13:20:30.247+0000] {taskinstance.py:2648} INFO - Exporting env vars: AIRFLOW_CTX_DAG_OWNER='***' AIRFLOW_CTX_DAG_ID='pipeline_dag' AIRFLOW_CTX_TASK_ID='send_mail' AIRFLOW_CTX_EXECUTION_DATE='2024-08-01T13:19:21.675657+00:00' AIRFLOW_CTX_TRY_NUMBER='1' AIRFLOW_CTX_DAG_RUN_ID='manual__2024-08-01T13:19:21.675657+00:00'
[2024-08-01T13:20:30.249+0000] {taskinstance.py:430} INFO - ::endgroup::
[2024-08-01T13:20:32.067+0000] {logging_mixin.py:188} INFO - (534, b'5.7.9 Application-specific password required. For more information, go to\n5.7.9  https://support.google.com/mail/?p=InvalidSecondFactor d2e1a72fcca58-70ead6e0f82sm11905307b3a.10 - gsmtp')
[2024-08-01T13:20:32.069+0000] {logging_mixin.py:188} INFO - El email no se pudo enviar.
[2024-08-01T13:20:32.070+0000] {python.py:237} INFO - Done. Returned value was: None
[2024-08-01T13:20:32.072+0000] {taskinstance.py:441} INFO - ::group::Post task execution logs
[2024-08-01T13:20:32.093+0000] {taskinstance.py:1206} INFO - Marking task as SUCCESS. dag_id=pipeline_dag, task_id=send_mail, run_id=manual__2024-08-01T13:19:21.675657+00:00, execution_date=20240801T131921, start_date=20240801T132029, end_date=20240801T132032
[2024-08-01T13:20:32.137+0000] {local_task_job_runner.py:240} INFO - Task exited with return code 0
[2024-08-01T13:20:32.156+0000] {taskinstance.py:3503} INFO - 0 downstream tasks scheduled from follow-on schedule check
[2024-08-01T13:20:32.162+0000] {local_task_job_runner.py:222} INFO - ::endgroup::
