[2024-08-05T14:32:12.714+0000] {local_task_job_runner.py:120} INFO - ::group::Pre task execution logs
[2024-08-05T14:32:12.748+0000] {taskinstance.py:2076} INFO - Dependencies all met for dep_context=non-requeueable deps ti=<TaskInstance: pipeline_dag.send_mail manual__2024-08-05T14:31:03.554121+00:00 [queued]>
[2024-08-05T14:32:12.762+0000] {taskinstance.py:2076} INFO - Dependencies all met for dep_context=requeueable deps ti=<TaskInstance: pipeline_dag.send_mail manual__2024-08-05T14:31:03.554121+00:00 [queued]>
[2024-08-05T14:32:12.763+0000] {taskinstance.py:2306} INFO - Starting attempt 1 of 2
[2024-08-05T14:32:12.980+0000] {taskinstance.py:2330} INFO - Executing <Task(PythonOperator): send_mail> on 2024-08-05 14:31:03.554121+00:00
[2024-08-05T14:32:12.994+0000] {warnings.py:112} WARNING - /home/***/.local/lib/python3.12/site-packages/***/task/task_runner/standard_task_runner.py:61: DeprecationWarning: This process (pid=93) is multi-threaded, use of fork() may lead to deadlocks in the child.
  pid = os.fork()

[2024-08-05T14:32:13.011+0000] {standard_task_runner.py:63} INFO - Started process 95 to run task
[2024-08-05T14:32:13.011+0000] {standard_task_runner.py:90} INFO - Running: ['***', 'tasks', 'run', 'pipeline_dag', 'send_mail', 'manual__2024-08-05T14:31:03.554121+00:00', '--job-id', '298', '--raw', '--subdir', 'DAGS_FOLDER/my_dag.py', '--cfg-path', '/tmp/tmpo5xwvtev']
[2024-08-05T14:32:13.064+0000] {standard_task_runner.py:91} INFO - Job 298: Subtask send_mail
[2024-08-05T14:32:13.166+0000] {task_command.py:426} INFO - Running <TaskInstance: pipeline_dag.send_mail manual__2024-08-05T14:31:03.554121+00:00 [running]> on host 4987e4d3f904
[2024-08-05T14:32:13.290+0000] {taskinstance.py:2648} INFO - Exporting env vars: AIRFLOW_CTX_DAG_OWNER='***' AIRFLOW_CTX_DAG_ID='pipeline_dag' AIRFLOW_CTX_TASK_ID='send_mail' AIRFLOW_CTX_EXECUTION_DATE='2024-08-05T14:31:03.554121+00:00' AIRFLOW_CTX_TRY_NUMBER='1' AIRFLOW_CTX_DAG_RUN_ID='manual__2024-08-05T14:31:03.554121+00:00'
[2024-08-05T14:32:13.292+0000] {taskinstance.py:430} INFO - ::endgroup::
[2024-08-05T14:32:14.602+0000] {logging_mixin.py:188} INFO - Error al enviar la alerta: Connection unexpectedly closed
[2024-08-05T14:32:14.603+0000] {python.py:237} INFO - Done. Returned value was: None
[2024-08-05T14:32:14.604+0000] {taskinstance.py:441} INFO - ::group::Post task execution logs
[2024-08-05T14:32:14.615+0000] {taskinstance.py:1206} INFO - Marking task as SUCCESS. dag_id=pipeline_dag, task_id=send_mail, run_id=manual__2024-08-05T14:31:03.554121+00:00, execution_date=20240805T143103, start_date=20240805T143212, end_date=20240805T143214
[2024-08-05T14:32:14.675+0000] {local_task_job_runner.py:240} INFO - Task exited with return code 0
[2024-08-05T14:32:14.693+0000] {taskinstance.py:3503} INFO - 0 downstream tasks scheduled from follow-on schedule check
[2024-08-05T14:32:14.697+0000] {local_task_job_runner.py:222} INFO - ::endgroup::
