[2024-08-01T14:25:03.035+0000] {local_task_job_runner.py:120} INFO - ::group::Pre task execution logs
[2024-08-01T14:25:03.068+0000] {taskinstance.py:2076} INFO - Dependencies all met for dep_context=non-requeueable deps ti=<TaskInstance: pipeline_dag.transform manual__2024-08-01T14:24:58.249436+00:00 [queued]>
[2024-08-01T14:25:03.077+0000] {taskinstance.py:2076} INFO - Dependencies all met for dep_context=requeueable deps ti=<TaskInstance: pipeline_dag.transform manual__2024-08-01T14:24:58.249436+00:00 [queued]>
[2024-08-01T14:25:03.078+0000] {taskinstance.py:2306} INFO - Starting attempt 1 of 2
[2024-08-01T14:25:03.268+0000] {taskinstance.py:2330} INFO - Executing <Task(PythonOperator): transform> on 2024-08-01 14:24:58.249436+00:00
[2024-08-01T14:25:03.277+0000] {warnings.py:112} WARNING - /home/***/.local/lib/python3.12/site-packages/***/task/task_runner/standard_task_runner.py:61: DeprecationWarning: This process (pid=64) is multi-threaded, use of fork() may lead to deadlocks in the child.
  pid = os.fork()

[2024-08-01T14:25:03.279+0000] {standard_task_runner.py:63} INFO - Started process 66 to run task
[2024-08-01T14:25:03.279+0000] {standard_task_runner.py:90} INFO - Running: ['***', 'tasks', 'run', 'pipeline_dag', 'transform', 'manual__2024-08-01T14:24:58.249436+00:00', '--job-id', '176', '--raw', '--subdir', 'DAGS_FOLDER/my_dag.py', '--cfg-path', '/tmp/tmpt_2pqzox']
[2024-08-01T14:25:03.284+0000] {standard_task_runner.py:91} INFO - Job 176: Subtask transform
[2024-08-01T14:25:03.361+0000] {task_command.py:426} INFO - Running <TaskInstance: pipeline_dag.transform manual__2024-08-01T14:24:58.249436+00:00 [running]> on host 483f2b12661b
[2024-08-01T14:25:03.501+0000] {taskinstance.py:2648} INFO - Exporting env vars: AIRFLOW_CTX_DAG_OWNER='***' AIRFLOW_CTX_DAG_ID='pipeline_dag' AIRFLOW_CTX_TASK_ID='transform' AIRFLOW_CTX_EXECUTION_DATE='2024-08-01T14:24:58.249436+00:00' AIRFLOW_CTX_TRY_NUMBER='1' AIRFLOW_CTX_DAG_RUN_ID='manual__2024-08-01T14:24:58.249436+00:00'
[2024-08-01T14:25:03.504+0000] {taskinstance.py:430} INFO - ::endgroup::
[2024-08-01T14:25:03.575+0000] {logging_mixin.py:188} INFO -             id  ...                                            id_hash
0      bitcoin  ...  6b88c087247aa2f07ee1c5956b8e1a9f4c7f892a70e324...
1     ethereum  ...  b60d7bdd334cd3768d43f14a05c7fe7e886ba5bcb77e10...
2       tether  ...  3dc7089d175e3fa1640f29917f3ae503c7f6919a9a0f80...
3  binancecoin  ...  b3b83d263a9e9898cf719285fb5acd74984c30cbc09799...
4       solana  ...  615666dae9d3625adaef933e4c1ed0158f657a22c2f570...

[5 rows x 8 columns]
[2024-08-01T14:25:03.613+0000] {python.py:237} INFO - Done. Returned value was: None
[2024-08-01T14:25:03.614+0000] {taskinstance.py:441} INFO - ::group::Post task execution logs
[2024-08-01T14:25:03.628+0000] {taskinstance.py:1206} INFO - Marking task as SUCCESS. dag_id=pipeline_dag, task_id=transform, run_id=manual__2024-08-01T14:24:58.249436+00:00, execution_date=20240801T142458, start_date=20240801T142503, end_date=20240801T142503
[2024-08-01T14:25:03.698+0000] {local_task_job_runner.py:240} INFO - Task exited with return code 0
[2024-08-01T14:25:03.746+0000] {taskinstance.py:3503} INFO - 2 downstream tasks scheduled from follow-on schedule check
[2024-08-01T14:25:03.753+0000] {local_task_job_runner.py:222} INFO - ::endgroup::
