[2024-08-01T13:19:30.006+0000] {local_task_job_runner.py:120} INFO - ::group::Pre task execution logs
[2024-08-01T13:19:30.047+0000] {taskinstance.py:2076} INFO - Dependencies all met for dep_context=non-requeueable deps ti=<TaskInstance: pipeline_dag.alert manual__2024-08-01T13:19:21.675657+00:00 [queued]>
[2024-08-01T13:19:30.060+0000] {taskinstance.py:2076} INFO - Dependencies all met for dep_context=requeueable deps ti=<TaskInstance: pipeline_dag.alert manual__2024-08-01T13:19:21.675657+00:00 [queued]>
[2024-08-01T13:19:30.061+0000] {taskinstance.py:2306} INFO - Starting attempt 1 of 2
[2024-08-01T13:19:30.265+0000] {taskinstance.py:2330} INFO - Executing <Task(PythonOperator): alert> on 2024-08-01 13:19:21.675657+00:00
[2024-08-01T13:19:30.274+0000] {warnings.py:112} WARNING - /home/***/.local/lib/python3.12/site-packages/***/task/task_runner/standard_task_runner.py:61: DeprecationWarning: This process (pid=71) is multi-threaded, use of fork() may lead to deadlocks in the child.
  pid = os.fork()

[2024-08-01T13:19:30.276+0000] {standard_task_runner.py:63} INFO - Started process 74 to run task
[2024-08-01T13:19:30.277+0000] {standard_task_runner.py:90} INFO - Running: ['***', 'tasks', 'run', 'pipeline_dag', 'alert', 'manual__2024-08-01T13:19:21.675657+00:00', '--job-id', '81', '--raw', '--subdir', 'DAGS_FOLDER/my_dag.py', '--cfg-path', '/tmp/tmp_e8h2ff6']
[2024-08-01T13:19:30.280+0000] {standard_task_runner.py:91} INFO - Job 81: Subtask alert
[2024-08-01T13:19:30.338+0000] {task_command.py:426} INFO - Running <TaskInstance: pipeline_dag.alert manual__2024-08-01T13:19:21.675657+00:00 [running]> on host 00b0442d89d3
[2024-08-01T13:19:30.442+0000] {taskinstance.py:2648} INFO - Exporting env vars: AIRFLOW_CTX_DAG_OWNER='***' AIRFLOW_CTX_DAG_ID='pipeline_dag' AIRFLOW_CTX_TASK_ID='alert' AIRFLOW_CTX_EXECUTION_DATE='2024-08-01T13:19:21.675657+00:00' AIRFLOW_CTX_TRY_NUMBER='1' AIRFLOW_CTX_DAG_RUN_ID='manual__2024-08-01T13:19:21.675657+00:00'
[2024-08-01T13:19:30.443+0000] {taskinstance.py:430} INFO - ::endgroup::
[2024-08-01T13:19:30.538+0000] {logging_mixin.py:188} INFO - Error al enviar la alerta: [Errno -2] Name or service not known
[2024-08-01T13:19:30.552+0000] {logging_mixin.py:188} INFO - Error al enviar la alerta: [Errno -2] Name or service not known
[2024-08-01T13:19:30.553+0000] {python.py:237} INFO - Done. Returned value was: None
[2024-08-01T13:19:30.553+0000] {taskinstance.py:441} INFO - ::group::Post task execution logs
[2024-08-01T13:19:30.563+0000] {taskinstance.py:1206} INFO - Marking task as SUCCESS. dag_id=pipeline_dag, task_id=alert, run_id=manual__2024-08-01T13:19:21.675657+00:00, execution_date=20240801T131921, start_date=20240801T131930, end_date=20240801T131930
[2024-08-01T13:19:30.613+0000] {local_task_job_runner.py:240} INFO - Task exited with return code 0
[2024-08-01T13:19:30.632+0000] {taskinstance.py:3503} INFO - 0 downstream tasks scheduled from follow-on schedule check
[2024-08-01T13:19:30.637+0000] {local_task_job_runner.py:222} INFO - ::endgroup::
