[2024-08-05T14:19:30.738+0000] {local_task_job_runner.py:120} INFO - ::group::Pre task execution logs
[2024-08-05T14:19:30.926+0000] {taskinstance.py:2076} INFO - Dependencies all met for dep_context=non-requeueable deps ti=<TaskInstance: pipeline_dag.alert scheduled__2024-08-04T00:00:00+00:00 [queued]>
[2024-08-05T14:19:30.936+0000] {taskinstance.py:2076} INFO - Dependencies all met for dep_context=requeueable deps ti=<TaskInstance: pipeline_dag.alert scheduled__2024-08-04T00:00:00+00:00 [queued]>
[2024-08-05T14:19:30.937+0000] {taskinstance.py:2306} INFO - Starting attempt 1 of 2
[2024-08-05T14:19:30.953+0000] {taskinstance.py:2330} INFO - Executing <Task(PythonOperator): alert> on 2024-08-04 00:00:00+00:00
[2024-08-05T14:19:30.960+0000] {warnings.py:112} WARNING - /home/***/.local/lib/python3.12/site-packages/***/task/task_runner/standard_task_runner.py:61: DeprecationWarning: This process (pid=105) is multi-threaded, use of fork() may lead to deadlocks in the child.
  pid = os.fork()

[2024-08-05T14:19:30.963+0000] {standard_task_runner.py:63} INFO - Started process 113 to run task
[2024-08-05T14:19:30.964+0000] {standard_task_runner.py:90} INFO - Running: ['***', 'tasks', 'run', 'pipeline_dag', 'alert', 'scheduled__2024-08-04T00:00:00+00:00', '--job-id', '254', '--raw', '--subdir', 'DAGS_FOLDER/my_dag.py', '--cfg-path', '/tmp/tmpe85ozj1j']
[2024-08-05T14:19:30.968+0000] {standard_task_runner.py:91} INFO - Job 254: Subtask alert
[2024-08-05T14:19:31.030+0000] {task_command.py:426} INFO - Running <TaskInstance: pipeline_dag.alert scheduled__2024-08-04T00:00:00+00:00 [running]> on host e1f485dc5d54
[2024-08-05T14:19:31.122+0000] {taskinstance.py:2648} INFO - Exporting env vars: AIRFLOW_CTX_DAG_OWNER='***' AIRFLOW_CTX_DAG_ID='pipeline_dag' AIRFLOW_CTX_TASK_ID='alert' AIRFLOW_CTX_EXECUTION_DATE='2024-08-04T00:00:00+00:00' AIRFLOW_CTX_TRY_NUMBER='1' AIRFLOW_CTX_DAG_RUN_ID='scheduled__2024-08-04T00:00:00+00:00'
[2024-08-05T14:19:31.124+0000] {taskinstance.py:430} INFO - ::endgroup::
[2024-08-05T14:19:33.047+0000] {logging_mixin.py:188} INFO - Error al enviar la alerta: (535, b'5.7.8 Username and Password not accepted. For more information, go to\n5.7.8  https://support.google.com/mail/?p=BadCredentials d9443c01a7336-1ff59058cc6sm68520075ad.123 - gsmtp')
[2024-08-05T14:19:35.472+0000] {logging_mixin.py:188} INFO - Error al enviar la alerta: (535, b'5.7.8 Username and Password not accepted. For more information, go to\n5.7.8  https://support.google.com/mail/?p=BadCredentials d9443c01a7336-1ff58f19d00sm68454645ad.12 - gsmtp')
[2024-08-05T14:19:35.473+0000] {python.py:237} INFO - Done. Returned value was: None
[2024-08-05T14:19:35.474+0000] {taskinstance.py:441} INFO - ::group::Post task execution logs
[2024-08-05T14:19:35.481+0000] {taskinstance.py:1206} INFO - Marking task as SUCCESS. dag_id=pipeline_dag, task_id=alert, run_id=scheduled__2024-08-04T00:00:00+00:00, execution_date=20240804T000000, start_date=20240805T141930, end_date=20240805T141935
[2024-08-05T14:19:35.522+0000] {local_task_job_runner.py:240} INFO - Task exited with return code 0
[2024-08-05T14:19:35.535+0000] {taskinstance.py:3503} INFO - 0 downstream tasks scheduled from follow-on schedule check
[2024-08-05T14:19:35.539+0000] {local_task_job_runner.py:222} INFO - ::endgroup::
