[2024-08-01T13:42:42.768+0000] {local_task_job_runner.py:120} INFO - ::group::Pre task execution logs
[2024-08-01T13:42:42.797+0000] {taskinstance.py:2076} INFO - Dependencies all met for dep_context=non-requeueable deps ti=<TaskInstance: pipeline_dag.send_mail manual__2024-08-01T13:41:38.659211+00:00 [queued]>
[2024-08-01T13:42:42.806+0000] {taskinstance.py:2076} INFO - Dependencies all met for dep_context=requeueable deps ti=<TaskInstance: pipeline_dag.send_mail manual__2024-08-01T13:41:38.659211+00:00 [queued]>
[2024-08-01T13:42:42.813+0000] {taskinstance.py:2306} INFO - Starting attempt 1 of 2
[2024-08-01T13:42:42.956+0000] {taskinstance.py:2330} INFO - Executing <Task(PythonOperator): send_mail> on 2024-08-01 13:41:38.659211+00:00
[2024-08-01T13:42:42.962+0000] {warnings.py:112} WARNING - /home/***/.local/lib/python3.12/site-packages/***/task/task_runner/standard_task_runner.py:61: DeprecationWarning: This process (pid=91) is multi-threaded, use of fork() may lead to deadlocks in the child.
  pid = os.fork()

[2024-08-01T13:42:42.963+0000] {standard_task_runner.py:63} INFO - Started process 93 to run task
[2024-08-01T13:42:42.964+0000] {standard_task_runner.py:90} INFO - Running: ['***', 'tasks', 'run', 'pipeline_dag', 'send_mail', 'manual__2024-08-01T13:41:38.659211+00:00', '--job-id', '118', '--raw', '--subdir', 'DAGS_FOLDER/my_dag.py', '--cfg-path', '/tmp/tmp0ss7gqi_']
[2024-08-01T13:42:42.966+0000] {standard_task_runner.py:91} INFO - Job 118: Subtask send_mail
[2024-08-01T13:42:43.014+0000] {task_command.py:426} INFO - Running <TaskInstance: pipeline_dag.send_mail manual__2024-08-01T13:41:38.659211+00:00 [running]> on host 483f2b12661b
[2024-08-01T13:42:43.086+0000] {taskinstance.py:2648} INFO - Exporting env vars: AIRFLOW_CTX_DAG_OWNER='***' AIRFLOW_CTX_DAG_ID='pipeline_dag' AIRFLOW_CTX_TASK_ID='send_mail' AIRFLOW_CTX_EXECUTION_DATE='2024-08-01T13:41:38.659211+00:00' AIRFLOW_CTX_TRY_NUMBER='1' AIRFLOW_CTX_DAG_RUN_ID='manual__2024-08-01T13:41:38.659211+00:00'
[2024-08-01T13:42:43.088+0000] {taskinstance.py:430} INFO - ::endgroup::
[2024-08-01T13:42:45.275+0000] {logging_mixin.py:188} INFO - (535, b'5.7.8 Username and Password not accepted. For more information, go to\n5.7.8  https://support.google.com/mail/?p=BadCredentials d9443c01a7336-1fed7cd8865sm139936035ad.81 - gsmtp')
[2024-08-01T13:42:45.277+0000] {logging_mixin.py:188} INFO - El email no se pudo enviar.
[2024-08-01T13:42:45.278+0000] {python.py:237} INFO - Done. Returned value was: None
[2024-08-01T13:42:45.278+0000] {taskinstance.py:441} INFO - ::group::Post task execution logs
[2024-08-01T13:42:45.286+0000] {taskinstance.py:1206} INFO - Marking task as SUCCESS. dag_id=pipeline_dag, task_id=send_mail, run_id=manual__2024-08-01T13:41:38.659211+00:00, execution_date=20240801T134138, start_date=20240801T134242, end_date=20240801T134245
[2024-08-01T13:42:45.353+0000] {local_task_job_runner.py:240} INFO - Task exited with return code 0
[2024-08-01T13:42:45.368+0000] {taskinstance.py:3503} INFO - 0 downstream tasks scheduled from follow-on schedule check
[2024-08-01T13:42:45.373+0000] {local_task_job_runner.py:222} INFO - ::endgroup::
