[2024-08-01T14:01:04.368+0000] {local_task_job_runner.py:120} INFO - ::group::Pre task execution logs
[2024-08-01T14:01:04.392+0000] {taskinstance.py:2076} INFO - Dependencies all met for dep_context=non-requeueable deps ti=<TaskInstance: pipeline_dag.send_mail manual__2024-08-01T14:00:00.458036+00:00 [queued]>
[2024-08-01T14:01:04.401+0000] {taskinstance.py:2076} INFO - Dependencies all met for dep_context=requeueable deps ti=<TaskInstance: pipeline_dag.send_mail manual__2024-08-01T14:00:00.458036+00:00 [queued]>
[2024-08-01T14:01:04.402+0000] {taskinstance.py:2306} INFO - Starting attempt 1 of 2
[2024-08-01T14:01:04.587+0000] {taskinstance.py:2330} INFO - Executing <Task(PythonOperator): send_mail> on 2024-08-01 14:00:00.458036+00:00
[2024-08-01T14:01:04.595+0000] {warnings.py:112} WARNING - /home/***/.local/lib/python3.12/site-packages/***/task/task_runner/standard_task_runner.py:61: DeprecationWarning: This process (pid=101) is multi-threaded, use of fork() may lead to deadlocks in the child.
  pid = os.fork()

[2024-08-01T14:01:04.597+0000] {standard_task_runner.py:63} INFO - Started process 103 to run task
[2024-08-01T14:01:04.596+0000] {standard_task_runner.py:90} INFO - Running: ['***', 'tasks', 'run', 'pipeline_dag', 'send_mail', 'manual__2024-08-01T14:00:00.458036+00:00', '--job-id', '137', '--raw', '--subdir', 'DAGS_FOLDER/my_dag.py', '--cfg-path', '/tmp/tmpd5t0gmlk']
[2024-08-01T14:01:04.600+0000] {standard_task_runner.py:91} INFO - Job 137: Subtask send_mail
[2024-08-01T14:01:04.657+0000] {task_command.py:426} INFO - Running <TaskInstance: pipeline_dag.send_mail manual__2024-08-01T14:00:00.458036+00:00 [running]> on host 483f2b12661b
[2024-08-01T14:01:04.750+0000] {taskinstance.py:2648} INFO - Exporting env vars: AIRFLOW_CTX_DAG_OWNER='***' AIRFLOW_CTX_DAG_ID='pipeline_dag' AIRFLOW_CTX_TASK_ID='send_mail' AIRFLOW_CTX_EXECUTION_DATE='2024-08-01T14:00:00.458036+00:00' AIRFLOW_CTX_TRY_NUMBER='1' AIRFLOW_CTX_DAG_RUN_ID='manual__2024-08-01T14:00:00.458036+00:00'
[2024-08-01T14:01:04.752+0000] {taskinstance.py:430} INFO - ::endgroup::
[2024-08-01T14:01:06.866+0000] {logging_mixin.py:188} INFO - Error al enviar la alerta: (534, b'5.7.9 Application-specific password required. For more information, go to\n5.7.9  https://support.google.com/mail/?p=InvalidSecondFactor d2e1a72fcca58-70ead8a2bebsm11523607b3a.212 - gsmtp')
[2024-08-01T14:01:06.867+0000] {python.py:237} INFO - Done. Returned value was: None
[2024-08-01T14:01:06.868+0000] {taskinstance.py:441} INFO - ::group::Post task execution logs
[2024-08-01T14:01:06.877+0000] {taskinstance.py:1206} INFO - Marking task as SUCCESS. dag_id=pipeline_dag, task_id=send_mail, run_id=manual__2024-08-01T14:00:00.458036+00:00, execution_date=20240801T140000, start_date=20240801T140104, end_date=20240801T140106
[2024-08-01T14:01:06.948+0000] {local_task_job_runner.py:240} INFO - Task exited with return code 0
[2024-08-01T14:01:06.962+0000] {taskinstance.py:3503} INFO - 0 downstream tasks scheduled from follow-on schedule check
[2024-08-01T14:01:06.967+0000] {local_task_job_runner.py:222} INFO - ::endgroup::
