[2024-08-01T14:26:14.610+0000] {local_task_job_runner.py:120} INFO - ::group::Pre task execution logs
[2024-08-01T14:26:14.642+0000] {taskinstance.py:2076} INFO - Dependencies all met for dep_context=non-requeueable deps ti=<TaskInstance: pipeline_dag.send_mail manual__2024-08-01T14:24:58.249436+00:00 [queued]>
[2024-08-01T14:26:14.652+0000] {taskinstance.py:2076} INFO - Dependencies all met for dep_context=requeueable deps ti=<TaskInstance: pipeline_dag.send_mail manual__2024-08-01T14:24:58.249436+00:00 [queued]>
[2024-08-01T14:26:14.653+0000] {taskinstance.py:2306} INFO - Starting attempt 1 of 2
[2024-08-01T14:26:14.870+0000] {taskinstance.py:2330} INFO - Executing <Task(PythonOperator): send_mail> on 2024-08-01 14:24:58.249436+00:00
[2024-08-01T14:26:14.879+0000] {warnings.py:112} WARNING - /home/***/.local/lib/python3.12/site-packages/***/task/task_runner/standard_task_runner.py:61: DeprecationWarning: This process (pid=87) is multi-threaded, use of fork() may lead to deadlocks in the child.
  pid = os.fork()

[2024-08-01T14:26:14.883+0000] {standard_task_runner.py:63} INFO - Started process 89 to run task
[2024-08-01T14:26:14.882+0000] {standard_task_runner.py:90} INFO - Running: ['***', 'tasks', 'run', 'pipeline_dag', 'send_mail', 'manual__2024-08-01T14:24:58.249436+00:00', '--job-id', '179', '--raw', '--subdir', 'DAGS_FOLDER/my_dag.py', '--cfg-path', '/tmp/tmpao83uw5m']
[2024-08-01T14:26:14.885+0000] {standard_task_runner.py:91} INFO - Job 179: Subtask send_mail
[2024-08-01T14:26:14.942+0000] {task_command.py:426} INFO - Running <TaskInstance: pipeline_dag.send_mail manual__2024-08-01T14:24:58.249436+00:00 [running]> on host 483f2b12661b
[2024-08-01T14:26:15.036+0000] {taskinstance.py:2648} INFO - Exporting env vars: AIRFLOW_CTX_DAG_OWNER='***' AIRFLOW_CTX_DAG_ID='pipeline_dag' AIRFLOW_CTX_TASK_ID='send_mail' AIRFLOW_CTX_EXECUTION_DATE='2024-08-01T14:24:58.249436+00:00' AIRFLOW_CTX_TRY_NUMBER='1' AIRFLOW_CTX_DAG_RUN_ID='manual__2024-08-01T14:24:58.249436+00:00'
[2024-08-01T14:26:15.038+0000] {taskinstance.py:430} INFO - ::endgroup::
[2024-08-01T14:26:16.936+0000] {logging_mixin.py:188} INFO - Error de autenticación: 535 - b'5.7.8 Username and Password not accepted. For more information, go to\n5.7.8  https://support.google.com/mail/?p=BadCredentials 41be03b00d2f7-7a9fa49cb77sm10415290a12.78 - gsmtp'
[2024-08-01T14:26:16.937+0000] {python.py:237} INFO - Done. Returned value was: None
[2024-08-01T14:26:16.938+0000] {taskinstance.py:441} INFO - ::group::Post task execution logs
[2024-08-01T14:26:16.949+0000] {taskinstance.py:1206} INFO - Marking task as SUCCESS. dag_id=pipeline_dag, task_id=send_mail, run_id=manual__2024-08-01T14:24:58.249436+00:00, execution_date=20240801T142458, start_date=20240801T142614, end_date=20240801T142616
[2024-08-01T14:26:16.990+0000] {local_task_job_runner.py:240} INFO - Task exited with return code 0
[2024-08-01T14:26:17.010+0000] {taskinstance.py:3503} INFO - 0 downstream tasks scheduled from follow-on schedule check
[2024-08-01T14:26:17.019+0000] {local_task_job_runner.py:222} INFO - ::endgroup::
