[2024-08-01T11:42:30.449+0000] {local_task_job_runner.py:120} INFO - ::group::Pre task execution logs
[2024-08-01T11:42:30.494+0000] {taskinstance.py:2076} INFO - Dependencies all met for dep_context=non-requeueable deps ti=<TaskInstance: pipeline_dag.load_from_csv scheduled__2024-07-31T00:00:00+00:00 [queued]>
[2024-08-01T11:42:30.504+0000] {taskinstance.py:2076} INFO - Dependencies all met for dep_context=requeueable deps ti=<TaskInstance: pipeline_dag.load_from_csv scheduled__2024-07-31T00:00:00+00:00 [queued]>
[2024-08-01T11:42:30.520+0000] {taskinstance.py:2306} INFO - Starting attempt 1 of 2
[2024-08-01T11:42:31.610+0000] {taskinstance.py:2330} INFO - Executing <Task(PythonOperator): load_from_csv> on 2024-07-31 00:00:00+00:00
[2024-08-01T11:42:31.822+0000] {warnings.py:112} WARNING - /home/***/.local/lib/python3.12/site-packages/***/task/task_runner/standard_task_runner.py:61: DeprecationWarning: This process (pid=70) is multi-threaded, use of fork() may lead to deadlocks in the child.
  pid = os.fork()

[2024-08-01T11:42:31.838+0000] {standard_task_runner.py:63} INFO - Started process 80 to run task
[2024-08-01T11:42:31.824+0000] {standard_task_runner.py:90} INFO - Running: ['***', 'tasks', 'run', 'pipeline_dag', 'load_from_csv', 'scheduled__2024-07-31T00:00:00+00:00', '--job-id', '5', '--raw', '--subdir', 'DAGS_FOLDER/my_dag.py', '--cfg-path', '/tmp/tmp67mw8uig']
[2024-08-01T11:42:31.969+0000] {standard_task_runner.py:91} INFO - Job 5: Subtask load_from_csv
[2024-08-01T11:42:33.977+0000] {task_command.py:426} INFO - Running <TaskInstance: pipeline_dag.load_from_csv scheduled__2024-07-31T00:00:00+00:00 [running]> on host 666970a980e1
[2024-08-01T11:42:34.582+0000] {taskinstance.py:2648} INFO - Exporting env vars: AIRFLOW_CTX_DAG_OWNER='***' AIRFLOW_CTX_DAG_ID='pipeline_dag' AIRFLOW_CTX_TASK_ID='load_from_csv' AIRFLOW_CTX_EXECUTION_DATE='2024-07-31T00:00:00+00:00' AIRFLOW_CTX_TRY_NUMBER='1' AIRFLOW_CTX_DAG_RUN_ID='scheduled__2024-07-31T00:00:00+00:00'
[2024-08-01T11:42:34.592+0000] {taskinstance.py:430} INFO - ::endgroup::
[2024-08-01T11:42:34.618+0000] {taskinstance.py:441} INFO - ::group::Post task execution logs
[2024-08-01T11:42:34.622+0000] {taskinstance.py:2905} ERROR - Task failed with exception
Traceback (most recent call last):
  File "/home/airflow/.local/lib/python3.12/site-packages/airflow/models/taskinstance.py", line 465, in _execute_task
    result = _execute_callable(context=context, **execute_callable_kwargs)
             ^^^^^^^^^^^^^^^^^^^^^^^^^^^^^^^^^^^^^^^^^^^^^^^^^^^^^^^^^^^^^
  File "/home/airflow/.local/lib/python3.12/site-packages/airflow/models/taskinstance.py", line 432, in _execute_callable
    return execute_callable(context=context, **execute_callable_kwargs)
           ^^^^^^^^^^^^^^^^^^^^^^^^^^^^^^^^^^^^^^^^^^^^^^^^^^^^^^^^^^^^
  File "/home/airflow/.local/lib/python3.12/site-packages/airflow/models/baseoperator.py", line 401, in wrapper
    return func(self, *args, **kwargs)
           ^^^^^^^^^^^^^^^^^^^^^^^^^^^
  File "/home/airflow/.local/lib/python3.12/site-packages/airflow/operators/python.py", line 235, in execute
    return_value = self.execute_callable()
                   ^^^^^^^^^^^^^^^^^^^^^^^
  File "/home/airflow/.local/lib/python3.12/site-packages/airflow/operators/python.py", line 252, in execute_callable
    return self.python_callable(*self.op_args, **self.op_kwargs)
           ^^^^^^^^^^^^^^^^^^^^^^^^^^^^^^^^^^^^^^^^^^^^^^^^^^^^^
  File "/opt/airflow/dags/my_dag.py", line 99, in load_from_csv
    load_data_from_csv(file_path, REDSHIFT_TABLE, REDSHIFT_CONN_STR)
  File "/opt/airflow/dags/modules/csv_adquisition.py", line 9, in load_data_from_csv
    df = pd.read_csv(file_path)
         ^^
NameError: name 'pd' is not defined
[2024-08-01T11:42:34.731+0000] {taskinstance.py:1206} INFO - Marking task as UP_FOR_RETRY. dag_id=pipeline_dag, task_id=load_from_csv, run_id=scheduled__2024-07-31T00:00:00+00:00, execution_date=20240731T000000, start_date=20240801T114230, end_date=20240801T114234
[2024-08-01T11:42:34.768+0000] {standard_task_runner.py:110} ERROR - Failed to execute job 5 for task load_from_csv (name 'pd' is not defined; 80)
[2024-08-01T11:42:34.803+0000] {local_task_job_runner.py:240} INFO - Task exited with return code 1
[2024-08-01T11:42:34.878+0000] {taskinstance.py:3503} INFO - 0 downstream tasks scheduled from follow-on schedule check
[2024-08-01T11:42:34.883+0000] {local_task_job_runner.py:222} INFO - ::endgroup::
[2024-08-01T12:15:43.743+0000] {local_task_job_runner.py:120} INFO - ::group::Pre task execution logs
[2024-08-01T12:15:44.248+0000] {taskinstance.py:2076} INFO - Dependencies all met for dep_context=non-requeueable deps ti=<TaskInstance: pipeline_dag.load_from_csv scheduled__2024-07-31T00:00:00+00:00 [queued]>
[2024-08-01T12:15:44.392+0000] {taskinstance.py:2076} INFO - Dependencies all met for dep_context=requeueable deps ti=<TaskInstance: pipeline_dag.load_from_csv scheduled__2024-07-31T00:00:00+00:00 [queued]>
[2024-08-01T12:15:44.404+0000] {taskinstance.py:2306} INFO - Starting attempt 1 of 2
[2024-08-01T12:15:44.570+0000] {taskinstance.py:2330} INFO - Executing <Task(PythonOperator): load_from_csv> on 2024-07-31 00:00:00+00:00
[2024-08-01T12:15:44.675+0000] {warnings.py:112} WARNING - /home/***/.local/lib/python3.12/site-packages/***/task/task_runner/standard_task_runner.py:61: DeprecationWarning: This process (pid=84) is multi-threaded, use of fork() may lead to deadlocks in the child.
  pid = os.fork()

[2024-08-01T12:15:44.723+0000] {standard_task_runner.py:63} INFO - Started process 107 to run task
[2024-08-01T12:15:45.287+0000] {standard_task_runner.py:90} INFO - Running: ['***', 'tasks', 'run', 'pipeline_dag', 'load_from_csv', 'scheduled__2024-07-31T00:00:00+00:00', '--job-id', '4', '--raw', '--subdir', 'DAGS_FOLDER/my_dag.py', '--cfg-path', '/tmp/tmpnqnwe8t8']
[2024-08-01T12:15:45.312+0000] {standard_task_runner.py:91} INFO - Job 4: Subtask load_from_csv
[2024-08-01T12:15:45.531+0000] {task_command.py:426} INFO - Running <TaskInstance: pipeline_dag.load_from_csv scheduled__2024-07-31T00:00:00+00:00 [running]> on host 13956c1b13e1
[2024-08-01T12:15:46.047+0000] {taskinstance.py:2648} INFO - Exporting env vars: AIRFLOW_CTX_DAG_OWNER='***' AIRFLOW_CTX_DAG_ID='pipeline_dag' AIRFLOW_CTX_TASK_ID='load_from_csv' AIRFLOW_CTX_EXECUTION_DATE='2024-07-31T00:00:00+00:00' AIRFLOW_CTX_TRY_NUMBER='1' AIRFLOW_CTX_DAG_RUN_ID='scheduled__2024-07-31T00:00:00+00:00'
[2024-08-01T12:15:46.057+0000] {taskinstance.py:430} INFO - ::endgroup::
[2024-08-01T12:15:46.481+0000] {taskinstance.py:441} INFO - ::group::Post task execution logs
[2024-08-01T12:15:46.492+0000] {taskinstance.py:2905} ERROR - Task failed with exception
Traceback (most recent call last):
  File "/home/airflow/.local/lib/python3.12/site-packages/airflow/models/taskinstance.py", line 465, in _execute_task
    result = _execute_callable(context=context, **execute_callable_kwargs)
             ^^^^^^^^^^^^^^^^^^^^^^^^^^^^^^^^^^^^^^^^^^^^^^^^^^^^^^^^^^^^^
  File "/home/airflow/.local/lib/python3.12/site-packages/airflow/models/taskinstance.py", line 432, in _execute_callable
    return execute_callable(context=context, **execute_callable_kwargs)
           ^^^^^^^^^^^^^^^^^^^^^^^^^^^^^^^^^^^^^^^^^^^^^^^^^^^^^^^^^^^^
  File "/home/airflow/.local/lib/python3.12/site-packages/airflow/models/baseoperator.py", line 401, in wrapper
    return func(self, *args, **kwargs)
           ^^^^^^^^^^^^^^^^^^^^^^^^^^^
  File "/home/airflow/.local/lib/python3.12/site-packages/airflow/operators/python.py", line 235, in execute
    return_value = self.execute_callable()
                   ^^^^^^^^^^^^^^^^^^^^^^^
  File "/home/airflow/.local/lib/python3.12/site-packages/airflow/operators/python.py", line 252, in execute_callable
    return self.python_callable(*self.op_args, **self.op_kwargs)
           ^^^^^^^^^^^^^^^^^^^^^^^^^^^^^^^^^^^^^^^^^^^^^^^^^^^^^
  File "/opt/airflow/dags/my_dag.py", line 99, in load_from_csv
    load_data_from_csv(file_path, REDSHIFT_TABLE, REDSHIFT_CONN_STR)
  File "/opt/airflow/dags/modules/csv_adquisition.py", line 9, in load_data_from_csv
    df = pd.read_csv(file_path)
         ^^
NameError: name 'pd' is not defined
[2024-08-01T12:15:49.202+0000] {taskinstance.py:1206} INFO - Marking task as UP_FOR_RETRY. dag_id=pipeline_dag, task_id=load_from_csv, run_id=scheduled__2024-07-31T00:00:00+00:00, execution_date=20240731T000000, start_date=20240801T121544, end_date=20240801T121549
[2024-08-01T12:15:49.869+0000] {standard_task_runner.py:110} ERROR - Failed to execute job 4 for task load_from_csv (name 'pd' is not defined; 107)
[2024-08-01T12:15:50.565+0000] {local_task_job_runner.py:240} INFO - Task exited with return code 1
[2024-08-01T12:15:50.890+0000] {taskinstance.py:3503} INFO - 0 downstream tasks scheduled from follow-on schedule check
[2024-08-01T12:15:50.933+0000] {local_task_job_runner.py:222} INFO - ::endgroup::
