[2024-08-01T13:09:43.283+0000] {local_task_job_runner.py:120} INFO - ::group::Pre task execution logs
[2024-08-01T13:09:43.305+0000] {taskinstance.py:2076} INFO - Dependencies all met for dep_context=non-requeueable deps ti=<TaskInstance: pipeline_dag.transform manual__2024-08-01T13:09:38.390348+00:00 [queued]>
[2024-08-01T13:09:43.312+0000] {taskinstance.py:2076} INFO - Dependencies all met for dep_context=requeueable deps ti=<TaskInstance: pipeline_dag.transform manual__2024-08-01T13:09:38.390348+00:00 [queued]>
[2024-08-01T13:09:43.314+0000] {taskinstance.py:2306} INFO - Starting attempt 1 of 2
[2024-08-01T13:09:43.492+0000] {taskinstance.py:2330} INFO - Executing <Task(PythonOperator): transform> on 2024-08-01 13:09:38.390348+00:00
[2024-08-01T13:09:43.498+0000] {warnings.py:112} WARNING - /home/***/.local/lib/python3.12/site-packages/***/task/task_runner/standard_task_runner.py:61: DeprecationWarning: This process (pid=68) is multi-threaded, use of fork() may lead to deadlocks in the child.
  pid = os.fork()

[2024-08-01T13:09:43.499+0000] {standard_task_runner.py:63} INFO - Started process 70 to run task
[2024-08-01T13:09:43.499+0000] {standard_task_runner.py:90} INFO - Running: ['***', 'tasks', 'run', 'pipeline_dag', 'transform', 'manual__2024-08-01T13:09:38.390348+00:00', '--job-id', '71', '--raw', '--subdir', 'DAGS_FOLDER/my_dag.py', '--cfg-path', '/tmp/tmp0bbs96oo']
[2024-08-01T13:09:43.502+0000] {standard_task_runner.py:91} INFO - Job 71: Subtask transform
[2024-08-01T13:09:43.547+0000] {task_command.py:426} INFO - Running <TaskInstance: pipeline_dag.transform manual__2024-08-01T13:09:38.390348+00:00 [running]> on host 869551358baa
[2024-08-01T13:09:43.629+0000] {taskinstance.py:2648} INFO - Exporting env vars: AIRFLOW_CTX_DAG_OWNER='***' AIRFLOW_CTX_DAG_ID='pipeline_dag' AIRFLOW_CTX_TASK_ID='transform' AIRFLOW_CTX_EXECUTION_DATE='2024-08-01T13:09:38.390348+00:00' AIRFLOW_CTX_TRY_NUMBER='1' AIRFLOW_CTX_DAG_RUN_ID='manual__2024-08-01T13:09:38.390348+00:00'
[2024-08-01T13:09:43.630+0000] {taskinstance.py:430} INFO - ::endgroup::
[2024-08-01T13:09:43.680+0000] {logging_mixin.py:188} INFO -             id  ...                                            id_hash
0      bitcoin  ...  6b88c087247aa2f07ee1c5956b8e1a9f4c7f892a70e324...
1     ethereum  ...  b60d7bdd334cd3768d43f14a05c7fe7e886ba5bcb77e10...
2       tether  ...  3dc7089d175e3fa1640f29917f3ae503c7f6919a9a0f80...
3  binancecoin  ...  b3b83d263a9e9898cf719285fb5acd74984c30cbc09799...
4       solana  ...  615666dae9d3625adaef933e4c1ed0158f657a22c2f570...

[5 rows x 8 columns]
[2024-08-01T13:09:43.705+0000] {python.py:237} INFO - Done. Returned value was: None
[2024-08-01T13:09:43.706+0000] {taskinstance.py:441} INFO - ::group::Post task execution logs
[2024-08-01T13:09:43.718+0000] {taskinstance.py:1206} INFO - Marking task as SUCCESS. dag_id=pipeline_dag, task_id=transform, run_id=manual__2024-08-01T13:09:38.390348+00:00, execution_date=20240801T130938, start_date=20240801T130943, end_date=20240801T130943
[2024-08-01T13:09:43.754+0000] {local_task_job_runner.py:240} INFO - Task exited with return code 0
[2024-08-01T13:09:43.765+0000] {local_task_job_runner.py:222} INFO - ::endgroup::
